Archive member included because of file (symbol)

/usr/lib/gcc/avr/4.8.2/avr35/libgcc.a(_mulhi3.o)
                              ../LUFA-130901/LUFA/Drivers/USB/Class/Common/HIDParser.o (__mulhi3)
/usr/lib/gcc/avr/4.8.2/avr35/libgcc.a(_exit.o)
                              /usr/lib/gcc/avr/4.8.2/../../../../avr/lib/avr35/crtm32u2.o (exit)
/usr/lib/gcc/avr/4.8.2/avr35/libgcc.a(_tablejump.o)
                              ../LUFA-130901/LUFA/Drivers/USB/Core/DeviceStandardReq.o (__tablejump2__)
/usr/lib/gcc/avr/4.8.2/avr35/libgcc.a(_copy_data.o)
                              VirtualSerial.o (__do_copy_data)
/usr/lib/gcc/avr/4.8.2/avr35/libgcc.a(_clear_bss.o)
                              VirtualSerial.o (__do_clear_bss)
/usr/lib/gcc/avr/4.8.2/../../../../avr/lib/avr35/libc.a(dtostrf.o)
                              serial.o (dtostrf)
/usr/lib/gcc/avr/4.8.2/../../../../avr/lib/avr35/libc.a(memcpy_P.o)
                              ../LUFA-130901/LUFA/Drivers/USB/Class/Device/RNDISClassDevice.o (memcpy_P)
/usr/lib/gcc/avr/4.8.2/../../../../avr/lib/avr35/libc.a(memcmp.o)
                              ../LUFA-130901/LUFA/Drivers/USB/Class/Device/HIDClassDevice.o (memcmp)
/usr/lib/gcc/avr/4.8.2/../../../../avr/lib/avr35/libc.a(memcpy.o)
                              ../LUFA-130901/LUFA/Drivers/USB/Class/Device/HIDClassDevice.o (memcpy)
/usr/lib/gcc/avr/4.8.2/../../../../avr/lib/avr35/libc.a(memset.o)
                              ../LUFA-130901/LUFA/Drivers/USB/Class/Device/HIDClassDevice.o (memset)
/usr/lib/gcc/avr/4.8.2/../../../../avr/lib/avr35/libc.a(itoa.o)
                              serial.o (itoa)
/usr/lib/gcc/avr/4.8.2/../../../../avr/lib/avr35/libc.a(ltoa.o)
                              serial.o (ltoa)
/usr/lib/gcc/avr/4.8.2/../../../../avr/lib/avr35/libc.a(eerd_byte_atmega32u2.o)
                              ../LUFA-130901/LUFA/Drivers/USB/Core/AVR8/EndpointStream_AVR8.o (__eerd_byte_m32u2)
/usr/lib/gcc/avr/4.8.2/../../../../avr/lib/avr35/libc.a(eeupd_byte_atmega32u2.o)
                              ../LUFA-130901/LUFA/Drivers/USB/Core/AVR8/EndpointStream_AVR8.o (__eeupd_byte_m32u2)
/usr/lib/gcc/avr/4.8.2/../../../../avr/lib/avr35/libc.a(dtoa_prf.o)
                              /usr/lib/gcc/avr/4.8.2/../../../../avr/lib/avr35/libc.a(dtostrf.o) (dtoa_prf)
/usr/lib/gcc/avr/4.8.2/../../../../avr/lib/avr35/libc.a(ftoa_engine.o)
                              /usr/lib/gcc/avr/4.8.2/../../../../avr/lib/avr35/libc.a(dtoa_prf.o) (__ftoa_engine)
/usr/lib/gcc/avr/4.8.2/../../../../avr/lib/avr35/libc.a(strrev.o)
                              /usr/lib/gcc/avr/4.8.2/../../../../avr/lib/avr35/libc.a(itoa.o) (strrev)
/usr/lib/gcc/avr/4.8.2/avr35/libgcc.a(_udivmodhi4.o)
                              /usr/lib/gcc/avr/4.8.2/../../../../avr/lib/avr35/libc.a(itoa.o) (__udivmodhi4)
/usr/lib/gcc/avr/4.8.2/avr35/libgcc.a(_udivmodsi4.o)
                              /usr/lib/gcc/avr/4.8.2/../../../../avr/lib/avr35/libc.a(ltoa.o) (__udivmodsi4)

Allocating common symbols
Common symbol       size              file

USB_IsInitialized   0x1               ../LUFA-130901/LUFA/Drivers/USB/Core/USBTask.o
USB_DeviceState     0x1               ../LUFA-130901/LUFA/Drivers/USB/Core/USBTask.o
USB_Device_ConfigurationNumber
                    0x1               ../LUFA-130901/LUFA/Drivers/USB/Core/DeviceStandardReq.o
USB_Device_CurrentlySelfPowered
                    0x1               ../LUFA-130901/LUFA/Drivers/USB/Core/DeviceStandardReq.o
USB_ControlRequest  0x8               ../LUFA-130901/LUFA/Drivers/USB/Core/USBTask.o
USB_Device_RemoteWakeupEnabled
                    0x1               ../LUFA-130901/LUFA/Drivers/USB/Core/DeviceStandardReq.o

Discarded input sections

 .bss           0x0000000000000000        0x0 /usr/lib/gcc/avr/4.8.2/../../../../avr/lib/avr35/crtm32u2.o
 .text          0x0000000000000000        0x0 VirtualSerial.o
 .text          0x0000000000000000        0x0 Descriptors.o
 .bss           0x0000000000000000        0x0 Descriptors.o
 .text          0x0000000000000000        0x0 serial.o
 .bss           0x0000000000000000        0x0 serial.o
 .text.SerialPutInt
                0x0000000000000000       0x36 serial.o
 .text.SerialPutLongInt
                0x0000000000000000       0x3c serial.o
 .text.SerialPutHexByte
                0x0000000000000000       0x30 serial.o
 .text.SerialPutFloat
                0x0000000000000000       0x42 serial.o
 .text          0x0000000000000000        0x0 ../LUFA-130901/LUFA/Drivers/USB/Class/Common/HIDParser.o
 .bss           0x0000000000000000        0x0 ../LUFA-130901/LUFA/Drivers/USB/Class/Common/HIDParser.o
 .text.USB_ProcessHIDReport
                0x0000000000000000      0x73e ../LUFA-130901/LUFA/Drivers/USB/Class/Common/HIDParser.o
 .text.USB_GetHIDReportItemInfo
                0x0000000000000000       0xbc ../LUFA-130901/LUFA/Drivers/USB/Class/Common/HIDParser.o
 .text.USB_SetHIDReportItemInfo
[...]
Memory Configuration

Name             Origin             Length             Attributes
text             0x0000000000000000 0x0000000000010000 xr
data             0x0000000000800060 0x000000000000ffa0 rw !x
eeprom           0x0000000000810000 0x0000000000010000 rw !x
fuse             0x0000000000820000 0x0000000000000400 rw !x
lock             0x0000000000830000 0x0000000000000400 rw !x
signature        0x0000000000840000 0x0000000000000400 rw !x
*default*        0x0000000000000000 0xffffffffffffffff

Linker script and memory map

Address of section .data set to 0x800100
LOAD /usr/lib/gcc/avr/4.8.2/../../../../avr/lib/avr35/crtm32u2.o
LOAD VirtualSerial.o
LOAD Descriptors.o
LOAD serial.o
LOAD ../LUFA-130901/LUFA/Drivers/USB/Class/Common/HIDParser.o
LOAD ../LUFA-130901/LUFA/Drivers/USB/Core/AVR8/Device_AVR8.o
LOAD ../LUFA-130901/LUFA/Drivers/USB/Core/AVR8/EndpointStream_AVR8.o
LOAD ../LUFA-130901/LUFA/Drivers/USB/Core/AVR8/Endpoint_AVR8.o
LOAD ../LUFA-130901/LUFA/Drivers/USB/Core/AVR8/Host_AVR8.o
LOAD ../LUFA-130901/LUFA/Drivers/USB/Core/AVR8/PipeStream_AVR8.o
LOAD ../LUFA-130901/LUFA/Drivers/USB/Core/AVR8/Pipe_AVR8.o
LOAD ../LUFA-130901/LUFA/Drivers/USB/Core/AVR8/USBController_AVR8.o
LOAD ../LUFA-130901/LUFA/Drivers/USB/Core/AVR8/USBInterrupt_AVR8.o
LOAD ../LUFA-130901/LUFA/Drivers/USB/Core/ConfigDescriptors.o
LOAD ../LUFA-130901/LUFA/Drivers/USB/Core/DeviceStandardReq.o
LOAD ../LUFA-130901/LUFA/Drivers/USB/Core/Events.o
LOAD ../LUFA-130901/LUFA/Drivers/USB/Core/HostStandardReq.o
LOAD ../LUFA-130901/LUFA/Drivers/USB/Core/USBTask.o
LOAD ../LUFA-130901/LUFA/Drivers/USB/Class/Device/AudioClassDevice.o
LOAD ../LUFA-130901/LUFA/Drivers/USB/Class/Device/CDCClassDevice.o
LOAD ../LUFA-130901/LUFA/Drivers/USB/Class/Device/HIDClassDevice.o
LOAD ../LUFA-130901/LUFA/Drivers/USB/Class/Device/MassStorageClassDevice.o
LOAD ../LUFA-130901/LUFA/Drivers/USB/Class/Device/MIDIClassDevice.o
LOAD ../LUFA-130901/LUFA/Drivers/USB/Class/Device/PrinterClassDevice.o
LOAD ../LUFA-130901/LUFA/Drivers/USB/Class/Device/RNDISClassDevice.o
LOAD ../LUFA-130901/LUFA/Drivers/USB/Class/Host/AndroidAccessoryClassHost.o
LOAD ../LUFA-130901/LUFA/Drivers/USB/Class/Host/AudioClassHost.o
LOAD ../LUFA-130901/LUFA/Drivers/USB/Class/Host/CDCClassHost.o
LOAD ../LUFA-130901/LUFA/Drivers/USB/Class/Host/HIDClassHost.o
LOAD ../LUFA-130901/LUFA/Drivers/USB/Class/Host/MassStorageClassHost.o
LOAD ../LUFA-130901/LUFA/Drivers/USB/Class/Host/MIDIClassHost.o
LOAD ../LUFA-130901/LUFA/Drivers/USB/Class/Host/PrinterClassHost.o
LOAD ../LUFA-130901/LUFA/Drivers/USB/Class/Host/RNDISClassHost.o
LOAD ../LUFA-130901/LUFA/Drivers/USB/Class/Host/StillImageClassHost.o
LOAD /usr/lib/gcc/avr/4.8.2/../../../../avr/lib/avr35/libm.a
START GROUP
LOAD /usr/lib/gcc/avr/4.8.2/avr35/libgcc.a
LOAD /usr/lib/gcc/avr/4.8.2/../../../../avr/lib/avr35/libm.a
LOAD /usr/lib/gcc/avr/4.8.2/../../../../avr/lib/avr35/libc.a
END GROUP

.hash
 *(.hash)

.dynsym
 *(.dynsym)

.dynstr
 *(.dynstr)

.gnu.version
 *(.gnu.version)

.gnu.version_d
 *(.gnu.version_d)

.gnu.version_r
 *(.gnu.version_r)

.rel.init
 *(.rel.init)

.rela.init
 *(.rela.init)

.rel.text
 *(.rel.text)
 *(.rel.text.*)
 *(.rel.gnu.linkonce.t*)

.rela.text
 *(.rela.text)
 *(.rela.text.*)
 *(.rela.gnu.linkonce.t*)

.rel.fini
 *(.rel.fini)

.rela.fini
 *(.rela.fini)

.rel.rodata
 *(.rel.rodata)
 *(.rel.rodata.*)
 *(.rel.gnu.linkonce.r*)

.rela.rodata
 *(.rela.rodata)
 *(.rela.rodata.*)
 *(.rela.gnu.linkonce.r*)

.rel.data
 *(.rel.data)
 *(.rel.data.*)
 *(.rel.gnu.linkonce.d*)

.rela.data
 *(.rela.data)
 *(.rela.data.*)
 *(.rela.gnu.linkonce.d*)

.rel.ctors
 *(.rel.ctors)

.rela.ctors
 *(.rela.ctors)

.rel.dtors
 *(.rel.dtors)

.rela.dtors
 *(.rela.dtors)

.rel.got
 *(.rel.got)

.rela.got
 *(.rela.got)

.rel.bss
 *(.rel.bss)

.rela.bss
 *(.rela.bss)

.rel.plt
 *(.rel.plt)

.rela.plt
 *(.rela.plt)

.text           0x0000000000000000     0x1086
 *(.vectors)
 .vectors       0x0000000000000000       0x74 /usr/lib/gcc/avr/4.8.2/../../../../avr/lib/avr35/crtm32u2.o
                0x0000000000000000                __vectors
                0x0000000000000000                __vector_default
 *(.vectors)
 *(.progmem.gcc*)
 .progmem.gcc_sw_table.USB_Device_ProcessControlRequest
                0x0000000000000074       0x14 ../LUFA-130901/LUFA/Drivers/USB/Core/DeviceStandardReq.o
 *(.progmem*)
 .progmem.data  0x0000000000000088       0x8c Descriptors.o
                0x0000000000000088                ProductString
                0x00000000000000a6                ManufacturerString
                0x00000000000000c0                LanguageString
                0x00000000000000c4                ConfigurationDescriptor
                0x0000000000000102                DeviceDescriptor
                0x0000000000000114                . = ALIGN (0x2)
                0x0000000000000114                __trampolines_start = .
 *(.trampolines)
 .trampolines   0x0000000000000114        0x0 linker stubs
 *(.trampolines*)
                0x0000000000000114                __trampolines_end = .
 *(.jumptables)
 *(.jumptables*)
 *(.lowtext)
 *(.lowtext*)
                0x0000000000000114                __ctors_start = .
 *(.ctors)
                0x0000000000000114                __ctors_end = .
                0x0000000000000114                __dtors_start = .
 *(.dtors)
                0x0000000000000114                __dtors_end = .
 SORT(*)(.ctors)
 SORT(*)(.dtors)
 *(.init0)
 .init0         0x0000000000000114        0x0 /usr/lib/gcc/avr/4.8.2/../../../../avr/lib/avr35/crtm32u2.o
                0x0000000000000114                __init
 *(.init0)
 *(.init1)
 *(.init1)
 *(.init2)
 .init2         0x0000000000000114        0xc /usr/lib/gcc/avr/4.8.2/../../../../avr/lib/avr35/crtm32u2.o
 *(.init2)
 *(.init3)
 *(.init3)
 *(.init4)
 .init4         0x0000000000000120       0x16 /usr/lib/gcc/avr/4.8.2/avr35/libgcc.a(_copy_data.o)
                0x0000000000000120                __do_copy_data
 .init4         0x0000000000000136       0x10 /usr/lib/gcc/avr/4.8.2/avr35/libgcc.a(_clear_bss.o)
                0x0000000000000136                __do_clear_bss
 *(.init4)
 *(.init5)
 *(.init5)
 *(.init6)
 *(.init6)
 *(.init7)
 *(.init7)
 *(.init8)
 *(.init8)
 *(.init9)
 .init9         0x0000000000000146        0x4 /usr/lib/gcc/avr/4.8.2/../../../../avr/lib/avr35/crtm32u2.o
 *(.init9)
 *(.text)
 .text          0x000000000000014a        0x2 /usr/lib/gcc/avr/4.8.2/../../../../avr/lib/avr35/crtm32u2.o
                0x000000000000014a                __vector_22
                0x000000000000014a                __vector_28
                0x000000000000014a                __vector_1
                0x000000000000014a                __vector_24
                0x000000000000014a                __bad_interrupt
                0x000000000000014a                __vector_6
                0x000000000000014a                __vector_3
                0x000000000000014a                __vector_23
                0x000000000000014a                __vector_25
                0x000000000000014a                __vector_13
                0x000000000000014a                __vector_17
                0x000000000000014a                __vector_19
                0x000000000000014a                __vector_7
                0x000000000000014a                __vector_27
                0x000000000000014a                __vector_5
                0x000000000000014a                __vector_4
                0x000000000000014a                __vector_9
                0x000000000000014a                __vector_2
                0x000000000000014a                __vector_21
                0x000000000000014a                __vector_15
                0x000000000000014a                __vector_8
                0x000000000000014a                __vector_26
                0x000000000000014a                __vector_14
                0x000000000000014a                __vector_10
                0x000000000000014a                __vector_16
                0x000000000000014a                __vector_18
                0x000000000000014a                __vector_20
                0x000000000000014c                . = ALIGN (0x2)
 *(.text.*)
 .text.Menu_Task
                0x000000000000014c       0xc0 VirtualSerial.o
                0x000000000000014c                Menu_Task
 .text.SetupHardware
                0x000000000000020c       0x2a VirtualSerial.o
                0x000000000000020c                SetupHardware
 .text.startup.main
                0x0000000000000236       0x20 VirtualSerial.o
                0x0000000000000236                main
 .text.EVENT_USB_Device_Connect
                0x0000000000000256        0x2 VirtualSerial.o
                0x0000000000000256                EVENT_USB_Device_Connect
 .text.EVENT_USB_Device_Disconnect
                0x0000000000000258        0x2 VirtualSerial.o
                0x0000000000000258                EVENT_USB_Device_Disconnect
 .text.EVENT_USB_Device_ConfigurationChanged
                0x000000000000025a        0x6 VirtualSerial.o
                0x000000000000025a                EVENT_USB_Device_ConfigurationChanged
 .text.EVENT_USB_Device_ControlRequest
                0x0000000000000260        0x6 VirtualSerial.o
                0x0000000000000260                EVENT_USB_Device_ControlRequest
 .text.CALLBACK_USB_GetDescriptor
                0x0000000000000266       0x64 Descriptors.o
                0x0000000000000266                CALLBACK_USB_GetDescriptor
 .text.SerialPutString
                0x00000000000002ca       0x68 serial.o
                0x00000000000002ca                SerialPutString
 .text.SerialPutChar
                0x0000000000000332       0x54 serial.o
                0x0000000000000332                SerialPutChar
 .text.SerialReadLine
                0x0000000000000386       0xee serial.o
                0x0000000000000386                SerialReadLine
 .text.Endpoint_Write_Stream_LE
                0x0000000000000474       0x8e ../LUFA-130901/LUFA/Drivers/USB/Core/AVR8/EndpointStream_AVR8.o
                0x0000000000000474                Endpoint_Write_Stream_LE
 .text.Endpoint_Write_Control_Stream_LE
                0x0000000000000502       0xbe ../LUFA-130901/LUFA/Drivers/USB/Core/AVR8/EndpointStream_AVR8.o
                0x0000000000000502                Endpoint_Write_Control_Stream_LE
 .text.Endpoint_Write_Control_PStream_LE
                0x00000000000005c0       0xc0 ../LUFA-130901/LUFA/Drivers/USB/Core/AVR8/EndpointStream_AVR8.o
                0x00000000000005c0                Endpoint_Write_Control_PStream_LE
 .text.Endpoint_ConfigureEndpoint_Prv
                0x0000000000000680       0x6a ../LUFA-130901/LUFA/Drivers/USB/Core/AVR8/Endpoint_AVR8.o
                0x0000000000000680                Endpoint_ConfigureEndpoint_Prv
 .text.Endpoint_ConfigureEndpointTable
                0x00000000000006ea       0x78 ../LUFA-130901/LUFA/Drivers/USB/Core/AVR8/Endpoint_AVR8.o
                0x00000000000006ea                Endpoint_ConfigureEndpointTable
 .text.Endpoint_ClearStatusStage
                0x0000000000000762       0x42 ../LUFA-130901/LUFA/Drivers/USB/Core/AVR8/Endpoint_AVR8.o
                0x0000000000000762                Endpoint_ClearStatusStage
 .text.Endpoint_WaitUntilReady
                0x00000000000007a4       0x60 ../LUFA-130901/LUFA/Drivers/USB/Core/AVR8/Endpoint_AVR8.o
                0x00000000000007a4                Endpoint_WaitUntilReady
 .text.USB_Disable
                0x0000000000000804       0x2a ../LUFA-130901/LUFA/Drivers/USB/Core/AVR8/USBController_AVR8.o
                0x0000000000000804                USB_Disable
 .text.USB_ResetInterface
                0x000000000000082e       0x72 ../LUFA-130901/LUFA/Drivers/USB/Core/AVR8/USBController_AVR8.o
                0x000000000000082e                USB_ResetInterface
 .text.USB_Init
                0x00000000000008a0       0x12 ../LUFA-130901/LUFA/Drivers/USB/Core/AVR8/USBController_AVR8.o
                0x00000000000008a0                USB_Init
 .text.USB_INT_DisableAllInterrupts
                0x00000000000008b2        0x6 ../LUFA-130901/LUFA/Drivers/USB/Core/AVR8/USBInterrupt_AVR8.o
                0x00000000000008b2                USB_INT_DisableAllInterrupts
 .text.USB_INT_ClearAllInterrupts
                0x00000000000008b8        0x6 ../LUFA-130901/LUFA/Drivers/USB/Core/AVR8/USBInterrupt_AVR8.o
                0x00000000000008b8                USB_INT_ClearAllInterrupts
 .text.__vector_11
                0x00000000000008be      0x152 ../LUFA-130901/LUFA/Drivers/USB/Core/AVR8/USBInterrupt_AVR8.o
                0x00000000000008be                __vector_11
 .text.__vector_12
                0x0000000000000a10       0x76 ../LUFA-130901/LUFA/Drivers/USB/Core/AVR8/USBInterrupt_AVR8.o
                0x0000000000000a10                __vector_12
 .text.USB_Device_ProcessControlRequest
                0x0000000000000a86      0x28a ../LUFA-130901/LUFA/Drivers/USB/Core/DeviceStandardReq.o
                0x0000000000000a86                USB_Device_ProcessControlRequest
 .text.USB_Event_Stub
                0x0000000000000d10        0x2 ../LUFA-130901/LUFA/Drivers/USB/Core/Events.o
                0x0000000000000d10                EVENT_USB_Device_WakeUp
                0x0000000000000d10                USB_Event_Stub
                0x0000000000000d10                EVENT_USB_Device_Suspend
                0x0000000000000d10                EVENT_USB_Device_StartOfFrame
                0x0000000000000d10                EVENT_USB_Device_Reset
 .text.USB_USBTask
                0x0000000000000d12       0x38 ../LUFA-130901/LUFA/Drivers/USB/Core/USBTask.o
                0x0000000000000d12                USB_USBTask
 .text.CDC_Device_ConfigureEndpoints
                0x0000000000000d4a       0x4a ../LUFA-130901/LUFA/Drivers/USB/Class/Device/CDCClassDevice.o
                0x0000000000000d4a                CDC_Device_ConfigureEndpoints
 .text.CDC_Device_SendByte
                0x0000000000000d94       0x4e ../LUFA-130901/LUFA/Drivers/USB/Class/Device/CDCClassDevice.o
                0x0000000000000d94                CDC_Device_SendByte
 .text.CDC_Device_putchar
                0x0000000000000de2       0x20 ../LUFA-130901/LUFA/Drivers/USB/Class/Device/CDCClassDevice.o
 .text.CDC_Device_Flush
                0x0000000000000e02       0x54 ../LUFA-130901/LUFA/Drivers/USB/Class/Device/CDCClassDevice.o
                0x0000000000000e02                CDC_Device_Flush
 .text.CDC_Device_USBTask
                0x0000000000000e56       0x2c ../LUFA-130901/LUFA/Drivers/USB/Class/Device/CDCClassDevice.o
                0x0000000000000e56                CDC_Device_USBTask
 .text.CDC_Device_ReceiveByte
                0x0000000000000e82       0x5a ../LUFA-130901/LUFA/Drivers/USB/Class/Device/CDCClassDevice.o
                0x0000000000000e82                CDC_Device_ReceiveByte
 .text.CDC_Device_getchar
                0x0000000000000edc       0x12 ../LUFA-130901/LUFA/Drivers/USB/Class/Device/CDCClassDevice.o
 .text.CDC_Device_CreateStream
                0x0000000000000eee       0x26 ../LUFA-130901/LUFA/Drivers/USB/Class/Device/CDCClassDevice.o
                0x0000000000000eee                CDC_Device_CreateStream
 .text.CDC_Device_Event_Stub
                0x0000000000000f14        0x2 ../LUFA-130901/LUFA/Drivers/USB/Class/Device/CDCClassDevice.o
                0x0000000000000f14                EVENT_CDC_Device_LineEncodingChanged
                0x0000000000000f14                EVENT_CDC_Device_ControLineStateChanged
                0x0000000000000f14                EVENT_CDC_Device_BreakSent
                0x0000000000000f14                CDC_Device_Event_Stub
 .text.CDC_Device_ProcessControlRequest
                0x0000000000000f16      0x160 ../LUFA-130901/LUFA/Drivers/USB/Class/Device/CDCClassDevice.o
                0x0000000000000f16                CDC_Device_ProcessControlRequest
 .text.libgcc   0x0000000000001076        0xc /usr/lib/gcc/avr/4.8.2/avr35/libgcc.a(_tablejump.o)
                0x0000000000001076                __tablejump2__
                0x000000000000107a                __tablejump__
                0x0000000000001082                . = ALIGN (0x2)
 *(.fini9)
 .fini9         0x0000000000001082        0x0 /usr/lib/gcc/avr/4.8.2/avr35/libgcc.a(_exit.o)
                0x0000000000001082                exit
                0x0000000000001082                _exit
 *(.fini9)
 *(.fini8)
 *(.fini8)
 *(.fini7)
 *(.fini7)
 *(.fini6)
 *(.fini6)
 *(.fini5)
 *(.fini5)
 *(.fini4)
 *(.fini4)
 *(.fini3)
 *(.fini3)
 *(.fini2)
 *(.fini2)
 *(.fini1)
 *(.fini1)
 *(.fini0)
 .fini0         0x0000000000001082        0x4 /usr/lib/gcc/avr/4.8.2/avr35/libgcc.a(_exit.o)
 *(.fini0)
                0x0000000000001086                _etext = .

.data           0x0000000000800100      0x1b6 load address 0x0000000000001086
                0x0000000000800100                PROVIDE (__data_start, .)
 *(.data)
 .data          0x0000000000800100        0x0 /usr/lib/gcc/avr/4.8.2/../../../../avr/lib/avr35/crtm32u2.o
 .data          0x0000000000800100       0x1b VirtualSerial.o
                0x0000000000800100                VirtualSerial_CDC_Interface
 .data          0x000000000080011b        0x0 Descriptors.o
 .data          0x000000000080011b        0x0 serial.o
 .data          0x000000000080011b        0x0 ../LUFA-130901/LUFA/Drivers/USB/Class/Common/HIDParser.o
 .data          0x000000000080011b        0x0 ../LUFA-130901/LUFA/Drivers/USB/Core/AVR8/Device_AVR8.o
 .data          0x000000000080011b        0x0 ../LUFA-130901/LUFA/Drivers/USB/Core/AVR8/EndpointStream_AVR8.o
 .data          0x000000000080011b        0x0 ../LUFA-130901/LUFA/Drivers/USB/Core/AVR8/Endpoint_AVR8.o
 .data          0x000000000080011b        0x0 ../LUFA-130901/LUFA/Drivers/USB/Core/AVR8/Host_AVR8.o
 .data          0x000000000080011b        0x0 ../LUFA-130901/LUFA/Drivers/USB/Core/AVR8/PipeStream_AVR8.o
 .data          0x000000000080011b        0x0 ../LUFA-130901/LUFA/Drivers/USB/Core/AVR8/Pipe_AVR8.o
 .data          0x000000000080011b        0x0 ../LUFA-130901/LUFA/Drivers/USB/Core/AVR8/USBController_AVR8.o
 .data          0x000000000080011b        0x0 ../LUFA-130901/LUFA/Drivers/USB/Core/AVR8/USBInterrupt_AVR8.o
 .data          0x000000000080011b        0x0 ../LUFA-130901/LUFA/Drivers/USB/Core/ConfigDescriptors.o
 .data          0x000000000080011b        0x0 ../LUFA-130901/LUFA/Drivers/USB/Core/DeviceStandardReq.o
 .data          0x000000000080011b        0x0 ../LUFA-130901/LUFA/Drivers/USB/Core/Events.o
 .data          0x000000000080011b        0x0 ../LUFA-130901/LUFA/Drivers/USB/Core/HostStandardReq.o
 .data          0x000000000080011b        0x0 ../LUFA-130901/LUFA/Drivers/USB/Core/USBTask.o
 .data          0x000000000080011b        0x0 ../LUFA-130901/LUFA/Drivers/USB/Class/Device/AudioClassDevice.o
 .data          0x000000000080011b        0x0 ../LUFA-130901/LUFA/Drivers/USB/Class/Device/CDCClassDevice.o
 .data          0x000000000080011b        0x0 ../LUFA-130901/LUFA/Drivers/USB/Class/Device/HIDClassDevice.o
 .data          0x000000000080011b        0x0 ../LUFA-130901/LUFA/Drivers/USB/Class/Device/MassStorageClassDevice.o
 .data          0x000000000080011b        0x0 ../LUFA-130901/LUFA/Drivers/USB/Class/Device/MIDIClassDevice.o
 .data          0x000000000080011b        0x0 ../LUFA-130901/LUFA/Drivers/USB/Class/Device/PrinterClassDevice.o
 .data          0x000000000080011b        0x0 ../LUFA-130901/LUFA/Drivers/USB/Class/Device/RNDISClassDevice.o
 .data          0x000000000080011b        0x0 ../LUFA-130901/LUFA/Drivers/USB/Class/Host/AndroidAccessoryClassHost.o
 .data          0x000000000080011b        0x0 ../LUFA-130901/LUFA/Drivers/USB/Class/Host/AudioClassHost.o
 .data          0x000000000080011b        0x0 ../LUFA-130901/LUFA/Drivers/USB/Class/Host/CDCClassHost.o
 .data          0x000000000080011b        0x0 ../LUFA-130901/LUFA/Drivers/USB/Class/Host/HIDClassHost.o
 .data          0x000000000080011b        0x0 ../LUFA-130901/LUFA/Drivers/USB/Class/Host/MassStorageClassHost.o
 .data          0x000000000080011b        0x0 ../LUFA-130901/LUFA/Drivers/USB/Class/Host/MIDIClassHost.o
 .data          0x000000000080011b        0x0 ../LUFA-130901/LUFA/Drivers/USB/Class/Host/PrinterClassHost.o
 .data          0x000000000080011b        0x0 ../LUFA-130901/LUFA/Drivers/USB/Class/Host/RNDISClassHost.o
 .data          0x000000000080011b        0x0 ../LUFA-130901/LUFA/Drivers/USB/Class/Host/StillImageClassHost.o
 .data          0x000000000080011b        0x0 /usr/lib/gcc/avr/4.8.2/avr35/libgcc.a(_mulhi3.o)
 .data          0x000000000080011b        0x0 /usr/lib/gcc/avr/4.8.2/avr35/libgcc.a(_exit.o)
 .data          0x000000000080011b        0x0 /usr/lib/gcc/avr/4.8.2/avr35/libgcc.a(_tablejump.o)
 .data          0x000000000080011b        0x0 /usr/lib/gcc/avr/4.8.2/avr35/libgcc.a(_copy_data.o)
 .data          0x000000000080011b        0x0 /usr/lib/gcc/avr/4.8.2/avr35/libgcc.a(_clear_bss.o)
 .data          0x000000000080011b        0x0 /usr/lib/gcc/avr/4.8.2/../../../../avr/lib/avr35/libc.a(dtostrf.o)
 .data          0x000000000080011b        0x0 /usr/lib/gcc/avr/4.8.2/../../../../avr/lib/avr35/libc.a(memcpy_P.o)
 .data          0x000000000080011b        0x0 /usr/lib/gcc/avr/4.8.2/../../../../avr/lib/avr35/libc.a(memcmp.o)
 .data          0x000000000080011b        0x0 /usr/lib/gcc/avr/4.8.2/../../../../avr/lib/avr35/libc.a(memcpy.o)
 .data          0x000000000080011b        0x0 /usr/lib/gcc/avr/4.8.2/../../../../avr/lib/avr35/libc.a(memset.o)
 .data          0x000000000080011b        0x0 /usr/lib/gcc/avr/4.8.2/../../../../avr/lib/avr35/libc.a(itoa.o)
 .data          0x000000000080011b        0x0 /usr/lib/gcc/avr/4.8.2/../../../../avr/lib/avr35/libc.a(ltoa.o)
 .data          0x000000000080011b        0x0 /usr/lib/gcc/avr/4.8.2/../../../../avr/lib/avr35/libc.a(eerd_byte_atmega32u2.o)
 .data          0x000000000080011b        0x0 /usr/lib/gcc/avr/4.8.2/../../../../avr/lib/avr35/libc.a(eeupd_byte_atmega32u2.o)
 .data          0x000000000080011b        0x0 /usr/lib/gcc/avr/4.8.2/../../../../avr/lib/avr35/libc.a(dtoa_prf.o)
 .data          0x000000000080011b        0x0 /usr/lib/gcc/avr/4.8.2/../../../../avr/lib/avr35/libc.a(ftoa_engine.o)
 .data          0x000000000080011b        0x0 /usr/lib/gcc/avr/4.8.2/../../../../avr/lib/avr35/libc.a(strrev.o)
 .data          0x000000000080011b        0x0 /usr/lib/gcc/avr/4.8.2/avr35/libgcc.a(_udivmodhi4.o)
 .data          0x000000000080011b        0x0 /usr/lib/gcc/avr/4.8.2/avr35/libgcc.a(_udivmodsi4.o)
 *(.data*)
 *(.rodata)
 *(.rodata*)
 .rodata.str1.1
                0x000000000080011b      0x170 VirtualSerial.o
 .rodata.str1.1
                0x000000000080028b       0x2a serial.o
                                         0x2d (size before relaxing)
 *(.gnu.linkonce.d*)
                0x00000000008002b6                . = ALIGN (0x2)
 *fill*         0x00000000008002b5        0x1 
                0x00000000008002b6                _edata = .
                0x00000000008002b6                PROVIDE (__data_end, .)

.bss            0x00000000008002b6       0x1b
                0x00000000008002b6                PROVIDE (__bss_start, .)
 *(.bss)
 .bss           0x00000000008002b6        0xe VirtualSerial.o
 *(.bss*)
 *(COMMON)
 COMMON         0x00000000008002c4        0x3 ../LUFA-130901/LUFA/Drivers/USB/Core/DeviceStandardReq.o
                0x00000000008002c4                USB_Device_ConfigurationNumber
                0x00000000008002c5                USB_Device_CurrentlySelfPowered
                0x00000000008002c6                USB_Device_RemoteWakeupEnabled
 COMMON         0x00000000008002c7        0xa ../LUFA-130901/LUFA/Drivers/USB/Core/USBTask.o
                0x00000000008002c7                USB_IsInitialized
                0x00000000008002c8                USB_DeviceState
                0x00000000008002c9                USB_ControlRequest
                0x00000000008002d1                PROVIDE (__bss_end, .)
                0x0000000000001086                __data_load_start = LOADADDR (.data)
                0x000000000000123c                __data_load_end = (__data_load_start + SIZEOF (.data))

.noinit         0x00000000008002d1        0x0
                0x00000000008002d1                PROVIDE (__noinit_start, .)
 *(.noinit*)
                0x00000000008002d1                PROVIDE (__noinit_end, .)
                0x00000000008002d1                _end = .
                0x00000000008002d1                PROVIDE (__heap_start, .)

.eeprom         0x0000000000810000        0x0
 *(.eeprom*)
                0x0000000000810000                __eeprom_end = .

.fuse
 *(.fuse)
 *(.lfuse)
 *(.hfuse)
 *(.efuse)

.lock
 *(.lock*)

.signature
 *(.signature*)

.stab           0x0000000000000000     0x1d88
 *(.stab)
 .stab          0x0000000000000000      0x6cc /usr/lib/gcc/avr/4.8.2/../../../../avr/lib/avr35/crtm32u2.o
 .stab          0x00000000000006cc      0x4e0 /usr/lib/gcc/avr/4.8.2/../../../../avr/lib/avr35/libc.a(dtostrf.o)
                                        0x594 (size before relaxing)
 .stab          0x0000000000000bac       0x84 /usr/lib/gcc/avr/4.8.2/../../../../avr/lib/avr35/libc.a(memcpy_P.o)
                                         0x90 (size before relaxing)
 .stab          0x0000000000000c30       0xb4 /usr/lib/gcc/avr/4.8.2/../../../../avr/lib/avr35/libc.a(memcmp.o)
                                         0xc0 (size before relaxing)
 .stab          0x0000000000000ce4       0x84 /usr/lib/gcc/avr/4.8.2/../../../../avr/lib/avr35/libc.a(memcpy.o)
                                         0x90 (size before relaxing)
 .stab          0x0000000000000d68       0x6c /usr/lib/gcc/avr/4.8.2/../../../../avr/lib/avr35/libc.a(memset.o)
                                         0x78 (size before relaxing)
 .stab          0x0000000000000dd4       0x18 /usr/lib/gcc/avr/4.8.2/../../../../avr/lib/avr35/libc.a(itoa.o)
                                        0x1bc (size before relaxing)
 .stab          0x0000000000000dec       0x18 /usr/lib/gcc/avr/4.8.2/../../../../avr/lib/avr35/libc.a(ltoa.o)
                                        0x2a0 (size before relaxing)
 .stab          0x0000000000000e04       0x90 /usr/lib/gcc/avr/4.8.2/../../../../avr/lib/avr35/libc.a(eerd_byte_atmega32u2.o)
                                         0x9c (size before relaxing)
 .stab          0x0000000000000e94      0x114 /usr/lib/gcc/avr/4.8.2/../../../../avr/lib/avr35/libc.a(eeupd_byte_atmega32u2.o)
                                        0x120 (size before relaxing)
 .stab          0x0000000000000fa8      0x2d0 /usr/lib/gcc/avr/4.8.2/../../../../avr/lib/avr35/libc.a(dtoa_prf.o)
                                        0xaa4 (size before relaxing)
 .stab          0x0000000000001278      0xa38 /usr/lib/gcc/avr/4.8.2/../../../../avr/lib/avr35/libc.a(ftoa_engine.o)
                                        0xa44 (size before relaxing)
 .stab          0x0000000000001cb0       0xd8 /usr/lib/gcc/avr/4.8.2/../../../../avr/lib/avr35/libc.a(strrev.o)
                                         0xe4 (size before relaxing)

.stabstr        0x0000000000000000     0x1078
 *(.stabstr)
 .stabstr       0x0000000000000000     0x1078 /usr/lib/gcc/avr/4.8.2/../../../../avr/lib/avr35/crtm32u2.o

.stab.excl
 *(.stab.excl)

.stab.exclstr
 *(.stab.exclstr)

.stab.index
 *(.stab.index)

.stab.indexstr
 *(.stab.indexstr)

.comment        0x0000000000000000       0x22
 *(.comment)
 .comment       0x0000000000000000       0x11 VirtualSerial.o
                                         0x12 (size before relaxing)
 .comment       0x0000000000000000       0x12 Descriptors.o
 .comment       0x0000000000000000       0x12 serial.o
 .comment       0x0000000000000000       0x12 ../LUFA-130901/LUFA/Drivers/USB/Class/Common/HIDParser.o
 .comment       0x0000000000000000       0x12 ../LUFA-130901/LUFA/Drivers/USB/Core/AVR8/Device_AVR8.o
 .comment       0x0000000000000000       0x12 ../LUFA-130901/LUFA/Drivers/USB/Core/AVR8/EndpointStream_AVR8.o
 .comment       0x0000000000000000       0x12 ../LUFA-130901/LUFA/Drivers/USB/Core/AVR8/Endpoint_AVR8.o
 .comment       0x0000000000000000       0x12 ../LUFA-130901/LUFA/Drivers/USB/Core/AVR8/Host_AVR8.o
 .comment       0x0000000000000000       0x12 ../LUFA-130901/LUFA/Drivers/USB/Core/AVR8/PipeStream_AVR8.o
 .comment       0x0000000000000000       0x12 ../LUFA-130901/LUFA/Drivers/USB/Core/AVR8/Pipe_AVR8.o
 .comment       0x0000000000000000       0x12 ../LUFA-130901/LUFA/Drivers/USB/Core/AVR8/USBController_AVR8.o
 .comment       0x0000000000000000       0x12 ../LUFA-130901/LUFA/Drivers/USB/Core/AVR8/USBInterrupt_AVR8.o
 .comment       0x0000000000000000       0x12 ../LUFA-130901/LUFA/Drivers/USB/Core/ConfigDescriptors.o
 .comment       0x0000000000000000       0x12 ../LUFA-130901/LUFA/Drivers/USB/Core/DeviceStandardReq.o
 .comment       0x0000000000000000       0x12 ../LUFA-130901/LUFA/Drivers/USB/Core/Events.o
 .comment       0x0000000000000000       0x12 ../LUFA-130901/LUFA/Drivers/USB/Core/HostStandardReq.o
 .comment       0x0000000000000000       0x12 ../LUFA-130901/LUFA/Drivers/USB/Core/USBTask.o
 .comment       0x0000000000000000       0x12 ../LUFA-130901/LUFA/Drivers/USB/Class/Device/AudioClassDevice.o
 .comment       0x0000000000000000       0x12 ../LUFA-130901/LUFA/Drivers/USB/Class/Device/CDCClassDevice.o
 .comment       0x0000000000000000       0x12 ../LUFA-130901/LUFA/Drivers/USB/Class/Device/HIDClassDevice.o
 .comment       0x0000000000000000       0x12 ../LUFA-130901/LUFA/Drivers/USB/Class/Device/MassStorageClassDevice.o
 .comment       0x0000000000000000       0x12 ../LUFA-130901/LUFA/Drivers/USB/Class/Device/MIDIClassDevice.o
 .comment       0x0000000000000000       0x12 ../LUFA-130901/LUFA/Drivers/USB/Class/Device/PrinterClassDevice.o
 .comment       0x0000000000000000       0x12 ../LUFA-130901/LUFA/Drivers/USB/Class/Device/RNDISClassDevice.o
 .comment       0x0000000000000000       0x12 ../LUFA-130901/LUFA/Drivers/USB/Class/Host/AndroidAccessoryClassHost.o
 .comment       0x0000000000000000       0x12 ../LUFA-130901/LUFA/Drivers/USB/Class/Host/AudioClassHost.o
 .comment       0x0000000000000000       0x12 ../LUFA-130901/LUFA/Drivers/USB/Class/Host/CDCClassHost.o
 .comment       0x0000000000000000       0x12 ../LUFA-130901/LUFA/Drivers/USB/Class/Host/HIDClassHost.o
 .comment       0x0000000000000000       0x12 ../LUFA-130901/LUFA/Drivers/USB/Class/Host/MassStorageClassHost.o
 .comment       0x0000000000000000       0x12 ../LUFA-130901/LUFA/Drivers/USB/Class/Host/MIDIClassHost.o
 .comment       0x0000000000000000       0x12 ../LUFA-130901/LUFA/Drivers/USB/Class/Host/PrinterClassHost.o
 .comment       0x0000000000000000       0x12 ../LUFA-130901/LUFA/Drivers/USB/Class/Host/RNDISClassHost.o
 .comment       0x0000000000000000       0x12 ../LUFA-130901/LUFA/Drivers/USB/Class/Host/StillImageClassHost.o
 .comment       0x0000000000000011       0x11 /usr/lib/gcc/avr/4.8.2/../../../../avr/lib/avr35/libc.a(dtostrf.o)
                                         0x12 (size before relaxing)
 .comment       0x0000000000000000       0x12 /usr/lib/gcc/avr/4.8.2/../../../../avr/lib/avr35/libc.a(dtoa_prf.o)

.debug
 *(.debug)

.line
 *(.line)

.debug_srcinfo
 *(.debug_srcinfo)

.debug_sfnames
 *(.debug_sfnames)

.debug_aranges  0x0000000000000000      0x6a0
 *(.debug_aranges)
 .debug_aranges
                0x0000000000000000       0x50 VirtualSerial.o
 .debug_aranges
                0x0000000000000050       0x20 Descriptors.o
 .debug_aranges
                0x0000000000000070       0x50 serial.o
 .debug_aranges
                0x00000000000000c0       0x38 ../LUFA-130901/LUFA/Drivers/USB/Class/Common/HIDParser.o
 .debug_aranges
                0x00000000000000f8       0x20 ../LUFA-130901/LUFA/Drivers/USB/Core/AVR8/Device_AVR8.o
 .debug_aranges
                0x0000000000000118       0xc8 ../LUFA-130901/LUFA/Drivers/USB/Core/AVR8/EndpointStream_AVR8.o
 .debug_aranges
                0x00000000000001e0       0x40 ../LUFA-130901/LUFA/Drivers/USB/Core/AVR8/Endpoint_AVR8.o
 .debug_aranges
                0x0000000000000220       0x18 ../LUFA-130901/LUFA/Drivers/USB/Core/AVR8/Host_AVR8.o
 .debug_aranges
                0x0000000000000238       0x18 ../LUFA-130901/LUFA/Drivers/USB/Core/AVR8/PipeStream_AVR8.o
 .debug_aranges
                0x0000000000000250       0x18 ../LUFA-130901/LUFA/Drivers/USB/Core/AVR8/Pipe_AVR8.o
 .debug_aranges
                0x0000000000000268       0x30 ../LUFA-130901/LUFA/Drivers/USB/Core/AVR8/USBController_AVR8.o
 .debug_aranges
                0x0000000000000298       0x38 ../LUFA-130901/LUFA/Drivers/USB/Core/AVR8/USBInterrupt_AVR8.o
 .debug_aranges
                0x00000000000002d0       0x40 ../LUFA-130901/LUFA/Drivers/USB/Core/ConfigDescriptors.o
 .debug_aranges
                0x0000000000000310       0x20 ../LUFA-130901/LUFA/Drivers/USB/Core/DeviceStandardReq.o
 .debug_aranges
                0x0000000000000330       0x20 ../LUFA-130901/LUFA/Drivers/USB/Core/Events.o
 .debug_aranges
                0x0000000000000350       0x18 ../LUFA-130901/LUFA/Drivers/USB/Core/HostStandardReq.o
 .debug_aranges
                0x0000000000000368       0x20 ../LUFA-130901/LUFA/Drivers/USB/Core/USBTask.o
 .debug_aranges
                0x0000000000000388       0x30 ../LUFA-130901/LUFA/Drivers/USB/Class/Device/AudioClassDevice.o
 .debug_aranges
                0x00000000000003b8       0x98 ../LUFA-130901/LUFA/Drivers/USB/Class/Device/CDCClassDevice.o
 .debug_aranges
                0x0000000000000450       0x30 ../LUFA-130901/LUFA/Drivers/USB/Class/Device/HIDClassDevice.o
 .debug_aranges
                0x0000000000000480       0x30 ../LUFA-130901/LUFA/Drivers/USB/Class/Device/MassStorageClassDevice.o
 .debug_aranges
                0x00000000000004b0       0x40 ../LUFA-130901/LUFA/Drivers/USB/Class/Device/MIDIClassDevice.o
 .debug_aranges
                0x00000000000004f0       0x90 ../LUFA-130901/LUFA/Drivers/USB/Class/Device/PrinterClassDevice.o
 .debug_aranges
                0x0000000000000580       0x48 ../LUFA-130901/LUFA/Drivers/USB/Class/Device/RNDISClassDevice.o
 .debug_aranges
                0x00000000000005c8       0x18 ../LUFA-130901/LUFA/Drivers/USB/Class/Host/AndroidAccessoryClassHost.o
 .debug_aranges
                0x00000000000005e0       0x18 ../LUFA-130901/LUFA/Drivers/USB/Class/Host/AudioClassHost.o
 .debug_aranges
                0x00000000000005f8       0x18 ../LUFA-130901/LUFA/Drivers/USB/Class/Host/CDCClassHost.o
 .debug_aranges
                0x0000000000000610       0x18 ../LUFA-130901/LUFA/Drivers/USB/Class/Host/HIDClassHost.o
 .debug_aranges
                0x0000000000000628       0x18 ../LUFA-130901/LUFA/Drivers/USB/Class/Host/MassStorageClassHost.o
 .debug_aranges
                0x0000000000000640       0x18 ../LUFA-130901/LUFA/Drivers/USB/Class/Host/MIDIClassHost.o
 .debug_aranges
                0x0000000000000658       0x18 ../LUFA-130901/LUFA/Drivers/USB/Class/Host/PrinterClassHost.o
 .debug_aranges
                0x0000000000000670       0x18 ../LUFA-130901/LUFA/Drivers/USB/Class/Host/RNDISClassHost.o
 .debug_aranges
                0x0000000000000688       0x18 ../LUFA-130901/LUFA/Drivers/USB/Class/Host/StillImageClassHost.o

.debug_pubnames
 *(.debug_pubnames)

.debug_info     0x0000000000000000     0xac79
 *(.debug_info)
 .debug_info    0x0000000000000000      0x804 VirtualSerial.o
 .debug_info    0x0000000000000804      0x769 Descriptors.o
 .debug_info    0x0000000000000f6d      0x791 serial.o
 .debug_info    0x00000000000016fe      0x741 ../LUFA-130901/LUFA/Drivers/USB/Class/Common/HIDParser.o
 .debug_info    0x0000000000001e3f       0xd2 ../LUFA-130901/LUFA/Drivers/USB/Core/AVR8/Device_AVR8.o
 .debug_info    0x0000000000001f11     0x1757 ../LUFA-130901/LUFA/Drivers/USB/Core/AVR8/EndpointStream_AVR8.o
 .debug_info    0x0000000000003668      0x614 ../LUFA-130901/LUFA/Drivers/USB/Core/AVR8/Endpoint_AVR8.o
 .debug_info    0x0000000000003c7c       0x56 ../LUFA-130901/LUFA/Drivers/USB/Core/AVR8/Host_AVR8.o
 .debug_info    0x0000000000003cd2       0x56 ../LUFA-130901/LUFA/Drivers/USB/Core/AVR8/PipeStream_AVR8.o
 .debug_info    0x0000000000003d28       0x56 ../LUFA-130901/LUFA/Drivers/USB/Core/AVR8/Pipe_AVR8.o
 .debug_info    0x0000000000003d7e      0x46a ../LUFA-130901/LUFA/Drivers/USB/Core/AVR8/USBController_AVR8.o
 .debug_info    0x00000000000041e8      0x708 ../LUFA-130901/LUFA/Drivers/USB/Core/AVR8/USBInterrupt_AVR8.o
 .debug_info    0x00000000000048f0      0x3c9 ../LUFA-130901/LUFA/Drivers/USB/Core/ConfigDescriptors.o
 .debug_info    0x0000000000004cb9      0xa53 ../LUFA-130901/LUFA/Drivers/USB/Core/DeviceStandardReq.o
 .debug_info    0x000000000000570c       0x78 ../LUFA-130901/LUFA/Drivers/USB/Core/Events.o
 .debug_info    0x0000000000005784       0x56 ../LUFA-130901/LUFA/Drivers/USB/Core/HostStandardReq.o
 .debug_info    0x00000000000057da      0x26b ../LUFA-130901/LUFA/Drivers/USB/Core/USBTask.o
 .debug_info    0x0000000000005a45      0x8fc ../LUFA-130901/LUFA/Drivers/USB/Class/Device/AudioClassDevice.o
 .debug_info    0x0000000000006341      0xe7e ../LUFA-130901/LUFA/Drivers/USB/Class/Device/CDCClassDevice.o
 .debug_info    0x00000000000071bf      0x9ea ../LUFA-130901/LUFA/Drivers/USB/Class/Device/HIDClassDevice.o
 .debug_info    0x0000000000007ba9      0x95b ../LUFA-130901/LUFA/Drivers/USB/Class/Device/MassStorageClassDevice.o
 .debug_info    0x0000000000008504      0x612 ../LUFA-130901/LUFA/Drivers/USB/Class/Device/MIDIClassDevice.o
 .debug_info    0x0000000000008b16      0xce5 ../LUFA-130901/LUFA/Drivers/USB/Class/Device/PrinterClassDevice.o
 .debug_info    0x00000000000097fb     0x1178 ../LUFA-130901/LUFA/Drivers/USB/Class/Device/RNDISClassDevice.o
 .debug_info    0x000000000000a973       0x56 ../LUFA-130901/LUFA/Drivers/USB/Class/Host/AndroidAccessoryClassHost.o
 .debug_info    0x000000000000a9c9       0x56 ../LUFA-130901/LUFA/Drivers/USB/Class/Host/AudioClassHost.o
 .debug_info    0x000000000000aa1f       0x56 ../LUFA-130901/LUFA/Drivers/USB/Class/Host/CDCClassHost.o
 .debug_info    0x000000000000aa75       0x56 ../LUFA-130901/LUFA/Drivers/USB/Class/Host/HIDClassHost.o
 .debug_info    0x000000000000aacb       0x56 ../LUFA-130901/LUFA/Drivers/USB/Class/Host/MassStorageClassHost.o
 .debug_info    0x000000000000ab21       0x56 ../LUFA-130901/LUFA/Drivers/USB/Class/Host/MIDIClassHost.o
 .debug_info    0x000000000000ab77       0x56 ../LUFA-130901/LUFA/Drivers/USB/Class/Host/PrinterClassHost.o
 .debug_info    0x000000000000abcd       0x56 ../LUFA-130901/LUFA/Drivers/USB/Class/Host/RNDISClassHost.o
 .debug_info    0x000000000000ac23       0x56 ../LUFA-130901/LUFA/Drivers/USB/Class/Host/StillImageClassHost.o
 *(.gnu.linkonce.wi.*)

.debug_abbrev   0x0000000000000000     0x2da0
 *(.debug_abbrev)
 .debug_abbrev  0x0000000000000000      0x37b VirtualSerial.o
 .debug_abbrev  0x000000000000037b      0x14e Descriptors.o
 .debug_abbrev  0x00000000000004c9      0x244 serial.o
 .debug_abbrev  0x000000000000070d      0x22d ../LUFA-130901/LUFA/Drivers/USB/Class/Common/HIDParser.o
 .debug_abbrev  0x000000000000093a       0x80 ../LUFA-130901/LUFA/Drivers/USB/Core/AVR8/Device_AVR8.o
 .debug_abbrev  0x00000000000009ba      0x213 ../LUFA-130901/LUFA/Drivers/USB/Core/AVR8/EndpointStream_AVR8.o
 .debug_abbrev  0x0000000000000bcd      0x222 ../LUFA-130901/LUFA/Drivers/USB/Core/AVR8/Endpoint_AVR8.o
 .debug_abbrev  0x0000000000000def       0x26 ../LUFA-130901/LUFA/Drivers/USB/Core/AVR8/Host_AVR8.o
 .debug_abbrev  0x0000000000000e15       0x26 ../LUFA-130901/LUFA/Drivers/USB/Core/AVR8/PipeStream_AVR8.o
 .debug_abbrev  0x0000000000000e3b       0x26 ../LUFA-130901/LUFA/Drivers/USB/Core/AVR8/Pipe_AVR8.o
 .debug_abbrev  0x0000000000000e61      0x18d ../LUFA-130901/LUFA/Drivers/USB/Core/AVR8/USBController_AVR8.o
 .debug_abbrev  0x0000000000000fee      0x234 ../LUFA-130901/LUFA/Drivers/USB/Core/AVR8/USBInterrupt_AVR8.o
 .debug_abbrev  0x0000000000001222      0x176 ../LUFA-130901/LUFA/Drivers/USB/Core/ConfigDescriptors.o
 .debug_abbrev  0x0000000000001398      0x2af ../LUFA-130901/LUFA/Drivers/USB/Core/DeviceStandardReq.o
 .debug_abbrev  0x0000000000001647       0x44 ../LUFA-130901/LUFA/Drivers/USB/Core/Events.o
 .debug_abbrev  0x000000000000168b       0x26 ../LUFA-130901/LUFA/Drivers/USB/Core/HostStandardReq.o
 .debug_abbrev  0x00000000000016b1      0x168 ../LUFA-130901/LUFA/Drivers/USB/Core/USBTask.o
 .debug_abbrev  0x0000000000001819      0x20c ../LUFA-130901/LUFA/Drivers/USB/Class/Device/AudioClassDevice.o
 .debug_abbrev  0x0000000000001a25      0x41d ../LUFA-130901/LUFA/Drivers/USB/Class/Device/CDCClassDevice.o
 .debug_abbrev  0x0000000000001e42      0x26b ../LUFA-130901/LUFA/Drivers/USB/Class/Device/HIDClassDevice.o
 .debug_abbrev  0x00000000000020ad      0x2a8 ../LUFA-130901/LUFA/Drivers/USB/Class/Device/MassStorageClassDevice.o
 .debug_abbrev  0x0000000000002355      0x243 ../LUFA-130901/LUFA/Drivers/USB/Class/Device/MIDIClassDevice.o
 .debug_abbrev  0x0000000000002598      0x343 ../LUFA-130901/LUFA/Drivers/USB/Class/Device/PrinterClassDevice.o
 .debug_abbrev  0x00000000000028db      0x36f ../LUFA-130901/LUFA/Drivers/USB/Class/Device/RNDISClassDevice.o
 .debug_abbrev  0x0000000000002c4a       0x26 ../LUFA-130901/LUFA/Drivers/USB/Class/Host/AndroidAccessoryClassHost.o
 .debug_abbrev  0x0000000000002c70       0x26 ../LUFA-130901/LUFA/Drivers/USB/Class/Host/AudioClassHost.o
 .debug_abbrev  0x0000000000002c96       0x26 ../LUFA-130901/LUFA/Drivers/USB/Class/Host/CDCClassHost.o
 .debug_abbrev  0x0000000000002cbc       0x26 ../LUFA-130901/LUFA/Drivers/USB/Class/Host/HIDClassHost.o
 .debug_abbrev  0x0000000000002ce2       0x26 ../LUFA-130901/LUFA/Drivers/USB/Class/Host/MassStorageClassHost.o
 .debug_abbrev  0x0000000000002d08       0x26 ../LUFA-130901/LUFA/Drivers/USB/Class/Host/MIDIClassHost.o
 .debug_abbrev  0x0000000000002d2e       0x26 ../LUFA-130901/LUFA/Drivers/USB/Class/Host/PrinterClassHost.o
 .debug_abbrev  0x0000000000002d54       0x26 ../LUFA-130901/LUFA/Drivers/USB/Class/Host/RNDISClassHost.o
 .debug_abbrev  0x0000000000002d7a       0x26 ../LUFA-130901/LUFA/Drivers/USB/Class/Host/StillImageClassHost.o

.debug_line     0x0000000000000000     0x426c
 *(.debug_line)
 .debug_line    0x0000000000000000      0x30c VirtualSerial.o
 .debug_line    0x000000000000030c      0x182 Descriptors.o
 .debug_line    0x000000000000048e      0x288 serial.o
 .debug_line    0x0000000000000716      0x22c ../LUFA-130901/LUFA/Drivers/USB/Class/Common/HIDParser.o
 .debug_line    0x0000000000000942       0xf9 ../LUFA-130901/LUFA/Drivers/USB/Core/AVR8/Device_AVR8.o
 .debug_line    0x0000000000000a3b      0xbac ../LUFA-130901/LUFA/Drivers/USB/Core/AVR8/EndpointStream_AVR8.o
 .debug_line    0x00000000000015e7      0x35c ../LUFA-130901/LUFA/Drivers/USB/Core/AVR8/Endpoint_AVR8.o
 .debug_line    0x0000000000001943       0x1d ../LUFA-130901/LUFA/Drivers/USB/Core/AVR8/Host_AVR8.o
 .debug_line    0x0000000000001960       0x1d ../LUFA-130901/LUFA/Drivers/USB/Core/AVR8/PipeStream_AVR8.o
 .debug_line    0x000000000000197d       0x1d ../LUFA-130901/LUFA/Drivers/USB/Core/AVR8/Pipe_AVR8.o
 .debug_line    0x000000000000199a      0x258 ../LUFA-130901/LUFA/Drivers/USB/Core/AVR8/USBController_AVR8.o
 .debug_line    0x0000000000001bf2      0x3db ../LUFA-130901/LUFA/Drivers/USB/Core/AVR8/USBInterrupt_AVR8.o
 .debug_line    0x0000000000001fcd      0x150 ../LUFA-130901/LUFA/Drivers/USB/Core/ConfigDescriptors.o
 .debug_line    0x000000000000211d      0x326 ../LUFA-130901/LUFA/Drivers/USB/Core/DeviceStandardReq.o
 .debug_line    0x0000000000002443       0x5d ../LUFA-130901/LUFA/Drivers/USB/Core/Events.o
 .debug_line    0x00000000000024a0       0x1d ../LUFA-130901/LUFA/Drivers/USB/Core/HostStandardReq.o
 .debug_line    0x00000000000024bd      0x14d ../LUFA-130901/LUFA/Drivers/USB/Core/USBTask.o
 .debug_line    0x000000000000260a      0x2e8 ../LUFA-130901/LUFA/Drivers/USB/Class/Device/AudioClassDevice.o
 .debug_line    0x00000000000028f2      0x579 ../LUFA-130901/LUFA/Drivers/USB/Class/Device/CDCClassDevice.o
 .debug_line    0x0000000000002e6b      0x3a0 ../LUFA-130901/LUFA/Drivers/USB/Class/Device/HIDClassDevice.o
 .debug_line    0x000000000000320b      0x364 ../LUFA-130901/LUFA/Drivers/USB/Class/Device/MassStorageClassDevice.o
 .debug_line    0x000000000000356f      0x2e1 ../LUFA-130901/LUFA/Drivers/USB/Class/Device/MIDIClassDevice.o
 .debug_line    0x0000000000003850      0x4c2 ../LUFA-130901/LUFA/Drivers/USB/Class/Device/PrinterClassDevice.o
 .debug_line    0x0000000000003d12      0x455 ../LUFA-130901/LUFA/Drivers/USB/Class/Device/RNDISClassDevice.o
 .debug_line    0x0000000000004167       0x1d ../LUFA-130901/LUFA/Drivers/USB/Class/Host/AndroidAccessoryClassHost.o
 .debug_line    0x0000000000004184       0x1d ../LUFA-130901/LUFA/Drivers/USB/Class/Host/AudioClassHost.o
 .debug_line    0x00000000000041a1       0x1d ../LUFA-130901/LUFA/Drivers/USB/Class/Host/CDCClassHost.o
 .debug_line    0x00000000000041be       0x1d ../LUFA-130901/LUFA/Drivers/USB/Class/Host/HIDClassHost.o
 .debug_line    0x00000000000041db       0x1d ../LUFA-130901/LUFA/Drivers/USB/Class/Host/MassStorageClassHost.o
 .debug_line    0x00000000000041f8       0x1d ../LUFA-130901/LUFA/Drivers/USB/Class/Host/MIDIClassHost.o
 .debug_line    0x0000000000004215       0x1d ../LUFA-130901/LUFA/Drivers/USB/Class/Host/PrinterClassHost.o
 .debug_line    0x0000000000004232       0x1d ../LUFA-130901/LUFA/Drivers/USB/Class/Host/RNDISClassHost.o
 .debug_line    0x000000000000424f       0x1d ../LUFA-130901/LUFA/Drivers/USB/Class/Host/StillImageClassHost.o

.debug_frame    0x0000000000000000     0x103c
 *(.debug_frame)
 .debug_frame   0x0000000000000000       0x94 VirtualSerial.o
 .debug_frame   0x0000000000000094       0x24 Descriptors.o
 .debug_frame   0x00000000000000b8      0x124 serial.o
 .debug_frame   0x00000000000001dc      0x114 ../LUFA-130901/LUFA/Drivers/USB/Class/Common/HIDParser.o
 .debug_frame   0x00000000000002f0       0x24 ../LUFA-130901/LUFA/Drivers/USB/Core/AVR8/Device_AVR8.o
 .debug_frame   0x0000000000000314      0x3b4 ../LUFA-130901/LUFA/Drivers/USB/Core/AVR8/EndpointStream_AVR8.o
 .debug_frame   0x00000000000006c8       0x78 ../LUFA-130901/LUFA/Drivers/USB/Core/AVR8/Endpoint_AVR8.o
 .debug_frame   0x0000000000000740       0x44 ../LUFA-130901/LUFA/Drivers/USB/Core/AVR8/USBController_AVR8.o
 .debug_frame   0x0000000000000784       0xe8 ../LUFA-130901/LUFA/Drivers/USB/Core/AVR8/USBInterrupt_AVR8.o
 .debug_frame   0x000000000000086c      0x108 ../LUFA-130901/LUFA/Drivers/USB/Core/ConfigDescriptors.o
 .debug_frame   0x0000000000000974       0x3c ../LUFA-130901/LUFA/Drivers/USB/Core/DeviceStandardReq.o
 .debug_frame   0x00000000000009b0       0x24 ../LUFA-130901/LUFA/Drivers/USB/Core/Events.o
 .debug_frame   0x00000000000009d4       0x2c ../LUFA-130901/LUFA/Drivers/USB/Core/USBTask.o
 .debug_frame   0x0000000000000a00       0xa8 ../LUFA-130901/LUFA/Drivers/USB/Class/Device/AudioClassDevice.o
 .debug_frame   0x0000000000000aa8      0x168 ../LUFA-130901/LUFA/Drivers/USB/Class/Device/CDCClassDevice.o
 .debug_frame   0x0000000000000c10       0xe4 ../LUFA-130901/LUFA/Drivers/USB/Class/Device/HIDClassDevice.o
 .debug_frame   0x0000000000000cf4       0x80 ../LUFA-130901/LUFA/Drivers/USB/Class/Device/MassStorageClassDevice.o
 .debug_frame   0x0000000000000d74       0x70 ../LUFA-130901/LUFA/Drivers/USB/Class/Device/MIDIClassDevice.o
 .debug_frame   0x0000000000000de4      0x144 ../LUFA-130901/LUFA/Drivers/USB/Class/Device/PrinterClassDevice.o
 .debug_frame   0x0000000000000f28      0x114 ../LUFA-130901/LUFA/Drivers/USB/Class/Device/RNDISClassDevice.o

.debug_str      0x0000000000000000     0x3eaa
 *(.debug_str)
 .debug_str     0x0000000000000000      0x4f5 VirtualSerial.o
                                        0x570 (size before relaxing)
 .debug_str     0x00000000000004f5      0x90a Descriptors.o
                                        0xb0b (size before relaxing)
 .debug_str     0x0000000000000dff      0x215 serial.o
                                        0x3f3 (size before relaxing)
 .debug_str     0x0000000000001014      0x49e ../LUFA-130901/LUFA/Drivers/USB/Class/Common/HIDParser.o
                                        0x6bb (size before relaxing)
 .debug_str     0x00000000000014b2       0x80 ../LUFA-130901/LUFA/Drivers/USB/Core/AVR8/Device_AVR8.o
                                        0x1f7 (size before relaxing)
 .debug_str     0x0000000000001532      0x546 ../LUFA-130901/LUFA/Drivers/USB/Core/AVR8/EndpointStream_AVR8.o
                                        0x85a (size before relaxing)
 .debug_str     0x0000000000001a78      0x2a9 ../LUFA-130901/LUFA/Drivers/USB/Core/AVR8/Endpoint_AVR8.o
                                        0x619 (size before relaxing)
 .debug_str     0x0000000000001d21       0x36 ../LUFA-130901/LUFA/Drivers/USB/Core/AVR8/Host_AVR8.o
                                        0x196 (size before relaxing)
 .debug_str     0x0000000000001d57       0x3c ../LUFA-130901/LUFA/Drivers/USB/Core/AVR8/PipeStream_AVR8.o
                                        0x19c (size before relaxing)
 .debug_str     0x0000000000001d93       0x36 ../LUFA-130901/LUFA/Drivers/USB/Core/AVR8/Pipe_AVR8.o
                                        0x196 (size before relaxing)
 .debug_str     0x0000000000001dc9      0x235 ../LUFA-130901/LUFA/Drivers/USB/Core/AVR8/USBController_AVR8.o
                                        0x52f (size before relaxing)
 .debug_str     0x0000000000001ffe      0x11e ../LUFA-130901/LUFA/Drivers/USB/Core/AVR8/USBInterrupt_AVR8.o
                                        0x584 (size before relaxing)
 .debug_str     0x000000000000211c      0x230 ../LUFA-130901/LUFA/Drivers/USB/Core/ConfigDescriptors.o
                                        0x3df (size before relaxing)
 .debug_str     0x000000000000234c      0x40a ../LUFA-130901/LUFA/Drivers/USB/Core/DeviceStandardReq.o
                                        0x9cb (size before relaxing)
 .debug_str     0x0000000000002756       0x3d ../LUFA-130901/LUFA/Drivers/USB/Core/Events.o
                                        0x19d (size before relaxing)
 .debug_str     0x0000000000002793       0x37 ../LUFA-130901/LUFA/Drivers/USB/Core/HostStandardReq.o
                                        0x197 (size before relaxing)
 .debug_str     0x00000000000027ca       0x4b ../LUFA-130901/LUFA/Drivers/USB/Core/USBTask.o
                                        0x37e (size before relaxing)
 .debug_str     0x0000000000002815      0x28c ../LUFA-130901/LUFA/Drivers/USB/Class/Device/AudioClassDevice.o
                                        0x6b3 (size before relaxing)
 .debug_str     0x0000000000002aa1      0x282 ../LUFA-130901/LUFA/Drivers/USB/Class/Device/CDCClassDevice.o
                                        0xa08 (size before relaxing)
 .debug_str     0x0000000000002d23      0x25b ../LUFA-130901/LUFA/Drivers/USB/Class/Device/HIDClassDevice.o
                                        0x705 (size before relaxing)
 .debug_str     0x0000000000002f7e      0x26d ../LUFA-130901/LUFA/Drivers/USB/Class/Device/MassStorageClassDevice.o
                                        0x7ff (size before relaxing)
 .debug_str     0x00000000000031eb      0x121 ../LUFA-130901/LUFA/Drivers/USB/Class/Device/MIDIClassDevice.o
                                        0x65d (size before relaxing)
 .debug_str     0x000000000000330c      0x275 ../LUFA-130901/LUFA/Drivers/USB/Class/Device/PrinterClassDevice.o
                                        0x93d (size before relaxing)
 .debug_str     0x0000000000003581      0x6fa ../LUFA-130901/LUFA/Drivers/USB/Class/Device/RNDISClassDevice.o
                                        0xd66 (size before relaxing)
 .debug_str     0x0000000000003c7b       0x47 ../LUFA-130901/LUFA/Drivers/USB/Class/Host/AndroidAccessoryClassHost.o
                                        0x1a7 (size before relaxing)
 .debug_str     0x0000000000003cc2       0x3c ../LUFA-130901/LUFA/Drivers/USB/Class/Host/AudioClassHost.o
                                        0x19c (size before relaxing)
 .debug_str     0x0000000000003cfe       0x3a ../LUFA-130901/LUFA/Drivers/USB/Class/Host/CDCClassHost.o
                                        0x19a (size before relaxing)
 .debug_str     0x0000000000003d38       0x3a ../LUFA-130901/LUFA/Drivers/USB/Class/Host/HIDClassHost.o
                                        0x19a (size before relaxing)
 .debug_str     0x0000000000003d72       0x42 ../LUFA-130901/LUFA/Drivers/USB/Class/Host/MassStorageClassHost.o
                                        0x1a2 (size before relaxing)
 .debug_str     0x0000000000003db4       0x3b ../LUFA-130901/LUFA/Drivers/USB/Class/Host/MIDIClassHost.o
                                        0x19b (size before relaxing)
 .debug_str     0x0000000000003def       0x3e ../LUFA-130901/LUFA/Drivers/USB/Class/Host/PrinterClassHost.o
                                        0x19e (size before relaxing)
 .debug_str     0x0000000000003e2d       0x3c ../LUFA-130901/LUFA/Drivers/USB/Class/Host/RNDISClassHost.o
                                        0x19c (size before relaxing)
 .debug_str     0x0000000000003e69       0x41 ../LUFA-130901/LUFA/Drivers/USB/Class/Host/StillImageClassHost.o
                                        0x1a1 (size before relaxing)

.debug_loc      0x0000000000000000     0x6ad9
 *(.debug_loc)
 .debug_loc     0x0000000000000000       0xa1 VirtualSerial.o
 .debug_loc     0x00000000000000a1      0x186 Descriptors.o
 .debug_loc     0x0000000000000227      0x4bc serial.o
 .debug_loc     0x00000000000006e3      0xaa0 ../LUFA-130901/LUFA/Drivers/USB/Class/Common/HIDParser.o
 .debug_loc     0x0000000000001183     0x1f7c ../LUFA-130901/LUFA/Drivers/USB/Core/AVR8/EndpointStream_AVR8.o
 .debug_loc     0x00000000000030ff      0x3fe ../LUFA-130901/LUFA/Drivers/USB/Core/AVR8/Endpoint_AVR8.o
 .debug_loc     0x00000000000034fd      0x30b ../LUFA-130901/LUFA/Drivers/USB/Core/AVR8/USBInterrupt_AVR8.o
 .debug_loc     0x0000000000003808      0x5bd ../LUFA-130901/LUFA/Drivers/USB/Core/ConfigDescriptors.o
 .debug_loc     0x0000000000003dc5      0x2a8 ../LUFA-130901/LUFA/Drivers/USB/Core/DeviceStandardReq.o
 .debug_loc     0x000000000000406d       0x49 ../LUFA-130901/LUFA/Drivers/USB/Core/USBTask.o
 .debug_loc     0x00000000000040b6      0x37c ../LUFA-130901/LUFA/Drivers/USB/Class/Device/AudioClassDevice.o
 .debug_loc     0x0000000000004432      0x85b ../LUFA-130901/LUFA/Drivers/USB/Class/Device/CDCClassDevice.o
 .debug_loc     0x0000000000004c8d      0x42b ../LUFA-130901/LUFA/Drivers/USB/Class/Device/HIDClassDevice.o
 .debug_loc     0x00000000000050b8      0x29f ../LUFA-130901/LUFA/Drivers/USB/Class/Device/MassStorageClassDevice.o
 .debug_loc     0x0000000000005357      0x2b8 ../LUFA-130901/LUFA/Drivers/USB/Class/Device/MIDIClassDevice.o
 .debug_loc     0x000000000000560f      0x84c ../LUFA-130901/LUFA/Drivers/USB/Class/Device/PrinterClassDevice.o
 .debug_loc     0x0000000000005e5b      0xc7e ../LUFA-130901/LUFA/Drivers/USB/Class/Device/RNDISClassDevice.o

.debug_macinfo
 *(.debug_macinfo)

.debug_pubtypes
 *(.debug_pubtypes)

.debug_ranges   0x0000000000000000      0x7e0
 *(.debug_ranges)
 .debug_ranges  0x0000000000000000       0x40 VirtualSerial.o
 .debug_ranges  0x0000000000000040       0x10 Descriptors.o
 .debug_ranges  0x0000000000000050       0x58 serial.o
 .debug_ranges  0x00000000000000a8       0xd0 ../LUFA-130901/LUFA/Drivers/USB/Class/Common/HIDParser.o
 .debug_ranges  0x0000000000000178       0x10 ../LUFA-130901/LUFA/Drivers/USB/Core/AVR8/Device_AVR8.o
 .debug_ranges  0x0000000000000188      0x2d0 ../LUFA-130901/LUFA/Drivers/USB/Core/AVR8/EndpointStream_AVR8.o
 .debug_ranges  0x0000000000000458       0x90 ../LUFA-130901/LUFA/Drivers/USB/Core/AVR8/Endpoint_AVR8.o
 .debug_ranges  0x00000000000004e8       0x20 ../LUFA-130901/LUFA/Drivers/USB/Core/AVR8/USBController_AVR8.o
 .debug_ranges  0x0000000000000508       0x28 ../LUFA-130901/LUFA/Drivers/USB/Core/AVR8/USBInterrupt_AVR8.o
 .debug_ranges  0x0000000000000530       0x30 ../LUFA-130901/LUFA/Drivers/USB/Core/ConfigDescriptors.o
 .debug_ranges  0x0000000000000560       0x40 ../LUFA-130901/LUFA/Drivers/USB/Core/DeviceStandardReq.o
 .debug_ranges  0x00000000000005a0       0x10 ../LUFA-130901/LUFA/Drivers/USB/Core/Events.o
 .debug_ranges  0x00000000000005b0       0x10 ../LUFA-130901/LUFA/Drivers/USB/Core/USBTask.o
 .debug_ranges  0x00000000000005c0       0x20 ../LUFA-130901/LUFA/Drivers/USB/Class/Device/AudioClassDevice.o
 .debug_ranges  0x00000000000005e0       0x88 ../LUFA-130901/LUFA/Drivers/USB/Class/Device/CDCClassDevice.o
 .debug_ranges  0x0000000000000668       0x20 ../LUFA-130901/LUFA/Drivers/USB/Class/Device/HIDClassDevice.o
 .debug_ranges  0x0000000000000688       0x20 ../LUFA-130901/LUFA/Drivers/USB/Class/Device/MassStorageClassDevice.o
 .debug_ranges  0x00000000000006a8       0x30 ../LUFA-130901/LUFA/Drivers/USB/Class/Device/MIDIClassDevice.o
 .debug_ranges  0x00000000000006d8       0x80 ../LUFA-130901/LUFA/Drivers/USB/Class/Device/PrinterClassDevice.o
 .debug_ranges  0x0000000000000758       0x88 ../LUFA-130901/LUFA/Drivers/USB/Class/Device/RNDISClassDevice.o

.debug_macro
 *(.debug_macro)
OUTPUT(VirtualSerial.elf elf32-avr)
LOAD linker stubs

Cross Reference Table

Symbol                                            File
Audio_Device_ConfigureEndpoints                   ../LUFA-130901/LUFA/Drivers/USB/Class/Device/AudioClassDevice.o
Audio_Device_Event_Stub                           ../LUFA-130901/LUFA/Drivers/USB/Class/Device/AudioClassDevice.o
Audio_Device_ProcessControlRequest                ../LUFA-130901/LUFA/Drivers/USB/Class/Device/AudioClassDevice.o
CALLBACK_Audio_Device_GetSetEndpointProperty      ../LUFA-130901/LUFA/Drivers/USB/Class/Device/AudioClassDevice.o
CALLBACK_Audio_Device_GetSetInterfaceProperty     ../LUFA-130901/LUFA/Drivers/USB/Class/Device/AudioClassDevice.o
CALLBACK_HIDParser_FilterHIDReportItem            ../LUFA-130901/LUFA/Drivers/USB/Class/Common/HIDParser.o
CALLBACK_HID_Device_CreateHIDReport               ../LUFA-130901/LUFA/Drivers/USB/Class/Device/HIDClassDevice.o
CALLBACK_HID_Device_ProcessHIDReport              ../LUFA-130901/LUFA/Drivers/USB/Class/Device/HIDClassDevice.o
CALLBACK_MS_Device_SCSICommandReceived            ../LUFA-130901/LUFA/Drivers/USB/Class/Device/MassStorageClassDevice.o
CALLBACK_USB_GetDescriptor                        Descriptors.o
                                                  ../LUFA-130901/LUFA/Drivers/USB/Core/DeviceStandardReq.o
CDC_Device_BytesReceived                          ../LUFA-130901/LUFA/Drivers/USB/Class/Device/CDCClassDevice.o
CDC_Device_ConfigureEndpoints                     ../LUFA-130901/LUFA/Drivers/USB/Class/Device/CDCClassDevice.o
                                                  VirtualSerial.o
CDC_Device_CreateBlockingStream                   ../LUFA-130901/LUFA/Drivers/USB/Class/Device/CDCClassDevice.o
CDC_Device_CreateStream                           ../LUFA-130901/LUFA/Drivers/USB/Class/Device/CDCClassDevice.o
                                                  VirtualSerial.o
CDC_Device_Event_Stub                             ../LUFA-130901/LUFA/Drivers/USB/Class/Device/CDCClassDevice.o
CDC_Device_Flush                                  ../LUFA-130901/LUFA/Drivers/USB/Class/Device/CDCClassDevice.o
CDC_Device_ProcessControlRequest                  ../LUFA-130901/LUFA/Drivers/USB/Class/Device/CDCClassDevice.o
                                                  VirtualSerial.o
CDC_Device_ReceiveByte                            ../LUFA-130901/LUFA/Drivers/USB/Class/Device/CDCClassDevice.o
                                                  VirtualSerial.o
CDC_Device_SendByte                               ../LUFA-130901/LUFA/Drivers/USB/Class/Device/CDCClassDevice.o
CDC_Device_SendControlLineStateChange             ../LUFA-130901/LUFA/Drivers/USB/Class/Device/CDCClassDevice.o
CDC_Device_SendData                               ../LUFA-130901/LUFA/Drivers/USB/Class/Device/CDCClassDevice.o
CDC_Device_SendString                             ../LUFA-130901/LUFA/Drivers/USB/Class/Device/CDCClassDevice.o
CDC_Device_USBTask                                ../LUFA-130901/LUFA/Drivers/USB/Class/Device/CDCClassDevice.o
                                                  VirtualSerial.o
ConfigurationDescriptor                           Descriptors.o
DeviceDescriptor                                  Descriptors.o
EVENT_Audio_Device_StreamStartStop                ../LUFA-130901/LUFA/Drivers/USB/Class/Device/AudioClassDevice.o
EVENT_CDC_Device_BreakSent                        ../LUFA-130901/LUFA/Drivers/USB/Class/Device/CDCClassDevice.o
EVENT_CDC_Device_ControLineStateChanged           ../LUFA-130901/LUFA/Drivers/USB/Class/Device/CDCClassDevice.o
EVENT_CDC_Device_LineEncodingChanged              ../LUFA-130901/LUFA/Drivers/USB/Class/Device/CDCClassDevice.o
EVENT_PRNT_Device_SoftReset                       ../LUFA-130901/LUFA/Drivers/USB/Class/Device/PrinterClassDevice.o
EVENT_USB_Device_ConfigurationChanged             VirtualSerial.o
                                                  ../LUFA-130901/LUFA/Drivers/USB/Core/DeviceStandardReq.o
EVENT_USB_Device_Connect                          VirtualSerial.o
                                                  ../LUFA-130901/LUFA/Drivers/USB/Core/AVR8/USBInterrupt_AVR8.o
EVENT_USB_Device_ControlRequest                   VirtualSerial.o
                                                  ../LUFA-130901/LUFA/Drivers/USB/Core/DeviceStandardReq.o
EVENT_USB_Device_Disconnect                       VirtualSerial.o
                                                  ../LUFA-130901/LUFA/Drivers/USB/Core/AVR8/USBInterrupt_AVR8.o
EVENT_USB_Device_Reset                            ../LUFA-130901/LUFA/Drivers/USB/Core/Events.o
                                                  ../LUFA-130901/LUFA/Drivers/USB/Core/AVR8/USBInterrupt_AVR8.o
EVENT_USB_Device_StartOfFrame                     ../LUFA-130901/LUFA/Drivers/USB/Core/Events.o
                                                  ../LUFA-130901/LUFA/Drivers/USB/Core/AVR8/USBInterrupt_AVR8.o
EVENT_USB_Device_Suspend                          ../LUFA-130901/LUFA/Drivers/USB/Core/Events.o
EVENT_USB_Device_WakeUp                           ../LUFA-130901/LUFA/Drivers/USB/Core/Events.o
Endpoint_ClearEndpoints                           ../LUFA-130901/LUFA/Drivers/USB/Core/AVR8/Endpoint_AVR8.o
Endpoint_ClearStatusStage                         ../LUFA-130901/LUFA/Drivers/USB/Core/AVR8/Endpoint_AVR8.o
                                                  ../LUFA-130901/LUFA/Drivers/USB/Class/Device/PrinterClassDevice.o
                                                  ../LUFA-130901/LUFA/Drivers/USB/Class/Device/MassStorageClassDevice.o
                                                  ../LUFA-130901/LUFA/Drivers/USB/Class/Device/HIDClassDevice.o
                                                  ../LUFA-130901/LUFA/Drivers/USB/Class/Device/CDCClassDevice.o
                                                  ../LUFA-130901/LUFA/Drivers/USB/Class/Device/AudioClassDevice.o
                                                  ../LUFA-130901/LUFA/Drivers/USB/Core/DeviceStandardReq.o
Endpoint_ConfigureEndpointTable                   ../LUFA-130901/LUFA/Drivers/USB/Core/AVR8/Endpoint_AVR8.o
                                                  ../LUFA-130901/LUFA/Drivers/USB/Class/Device/RNDISClassDevice.o
                                                  ../LUFA-130901/LUFA/Drivers/USB/Class/Device/PrinterClassDevice.o
                                                  ../LUFA-130901/LUFA/Drivers/USB/Class/Device/MIDIClassDevice.o
                                                  ../LUFA-130901/LUFA/Drivers/USB/Class/Device/MassStorageClassDevice.o
                                                  ../LUFA-130901/LUFA/Drivers/USB/Class/Device/HIDClassDevice.o
                                                  ../LUFA-130901/LUFA/Drivers/USB/Class/Device/CDCClassDevice.o
                                                  ../LUFA-130901/LUFA/Drivers/USB/Class/Device/AudioClassDevice.o
Endpoint_ConfigureEndpoint_Prv                    ../LUFA-130901/LUFA/Drivers/USB/Core/AVR8/Endpoint_AVR8.o
                                                  ../LUFA-130901/LUFA/Drivers/USB/Core/AVR8/USBInterrupt_AVR8.o
                                                  ../LUFA-130901/LUFA/Drivers/USB/Core/AVR8/USBController_AVR8.o
Endpoint_Discard_Stream                           ../LUFA-130901/LUFA/Drivers/USB/Core/AVR8/EndpointStream_AVR8.o
Endpoint_Null_Stream                              ../LUFA-130901/LUFA/Drivers/USB/Core/AVR8/EndpointStream_AVR8.o
Endpoint_Read_Control_EStream_BE                  ../LUFA-130901/LUFA/Drivers/USB/Core/AVR8/EndpointStream_AVR8.o
Endpoint_Read_Control_EStream_LE                  ../LUFA-130901/LUFA/Drivers/USB/Core/AVR8/EndpointStream_AVR8.o
Endpoint_Read_Control_Stream_BE                   ../LUFA-130901/LUFA/Drivers/USB/Core/AVR8/EndpointStream_AVR8.o
Endpoint_Read_Control_Stream_LE                   ../LUFA-130901/LUFA/Drivers/USB/Core/AVR8/EndpointStream_AVR8.o
                                                  ../LUFA-130901/LUFA/Drivers/USB/Class/Device/RNDISClassDevice.o
                                                  ../LUFA-130901/LUFA/Drivers/USB/Class/Device/HIDClassDevice.o
                                                  ../LUFA-130901/LUFA/Drivers/USB/Class/Device/AudioClassDevice.o
Endpoint_Read_EStream_BE                          ../LUFA-130901/LUFA/Drivers/USB/Core/AVR8/EndpointStream_AVR8.o
Endpoint_Read_EStream_LE                          ../LUFA-130901/LUFA/Drivers/USB/Core/AVR8/EndpointStream_AVR8.o
Endpoint_Read_Stream_BE                           ../LUFA-130901/LUFA/Drivers/USB/Core/AVR8/EndpointStream_AVR8.o
Endpoint_Read_Stream_LE                           ../LUFA-130901/LUFA/Drivers/USB/Core/AVR8/EndpointStream_AVR8.o
                                                  ../LUFA-130901/LUFA/Drivers/USB/Class/Device/RNDISClassDevice.o
                                                  ../LUFA-130901/LUFA/Drivers/USB/Class/Device/MIDIClassDevice.o
                                                  ../LUFA-130901/LUFA/Drivers/USB/Class/Device/MassStorageClassDevice.o
Endpoint_WaitUntilReady                           ../LUFA-130901/LUFA/Drivers/USB/Core/AVR8/Endpoint_AVR8.o
                                                  ../LUFA-130901/LUFA/Drivers/USB/Class/Device/RNDISClassDevice.o
                                                  ../LUFA-130901/LUFA/Drivers/USB/Class/Device/PrinterClassDevice.o
                                                  ../LUFA-130901/LUFA/Drivers/USB/Class/Device/MIDIClassDevice.o
                                                  ../LUFA-130901/LUFA/Drivers/USB/Class/Device/CDCClassDevice.o
                                                  ../LUFA-130901/LUFA/Drivers/USB/Core/AVR8/EndpointStream_AVR8.o
                                                  serial.o
Endpoint_Write_Control_EStream_BE                 ../LUFA-130901/LUFA/Drivers/USB/Core/AVR8/EndpointStream_AVR8.o
Endpoint_Write_Control_EStream_LE                 ../LUFA-130901/LUFA/Drivers/USB/Core/AVR8/EndpointStream_AVR8.o
Endpoint_Write_Control_PStream_BE                 ../LUFA-130901/LUFA/Drivers/USB/Core/AVR8/EndpointStream_AVR8.o
Endpoint_Write_Control_PStream_LE                 ../LUFA-130901/LUFA/Drivers/USB/Core/AVR8/EndpointStream_AVR8.o
                                                  ../LUFA-130901/LUFA/Drivers/USB/Core/DeviceStandardReq.o
Endpoint_Write_Control_Stream_BE                  ../LUFA-130901/LUFA/Drivers/USB/Core/AVR8/EndpointStream_AVR8.o
Endpoint_Write_Control_Stream_LE                  ../LUFA-130901/LUFA/Drivers/USB/Core/AVR8/EndpointStream_AVR8.o
                                                  ../LUFA-130901/LUFA/Drivers/USB/Class/Device/RNDISClassDevice.o
                                                  ../LUFA-130901/LUFA/Drivers/USB/Class/Device/PrinterClassDevice.o
                                                  ../LUFA-130901/LUFA/Drivers/USB/Class/Device/HIDClassDevice.o
                                                  ../LUFA-130901/LUFA/Drivers/USB/Class/Device/AudioClassDevice.o
                                                  ../LUFA-130901/LUFA/Drivers/USB/Core/DeviceStandardReq.o
Endpoint_Write_EStream_BE                         ../LUFA-130901/LUFA/Drivers/USB/Core/AVR8/EndpointStream_AVR8.o
Endpoint_Write_EStream_LE                         ../LUFA-130901/LUFA/Drivers/USB/Core/AVR8/EndpointStream_AVR8.o
Endpoint_Write_PStream_BE                         ../LUFA-130901/LUFA/Drivers/USB/Core/AVR8/EndpointStream_AVR8.o
Endpoint_Write_PStream_LE                         ../LUFA-130901/LUFA/Drivers/USB/Core/AVR8/EndpointStream_AVR8.o
Endpoint_Write_Stream_BE                          ../LUFA-130901/LUFA/Drivers/USB/Core/AVR8/EndpointStream_AVR8.o
Endpoint_Write_Stream_LE                          ../LUFA-130901/LUFA/Drivers/USB/Core/AVR8/EndpointStream_AVR8.o
                                                  ../LUFA-130901/LUFA/Drivers/USB/Class/Device/RNDISClassDevice.o
                                                  ../LUFA-130901/LUFA/Drivers/USB/Class/Device/PrinterClassDevice.o
                                                  ../LUFA-130901/LUFA/Drivers/USB/Class/Device/MIDIClassDevice.o
                                                  ../LUFA-130901/LUFA/Drivers/USB/Class/Device/MassStorageClassDevice.o
                                                  ../LUFA-130901/LUFA/Drivers/USB/Class/Device/HIDClassDevice.o
                                                  ../LUFA-130901/LUFA/Drivers/USB/Class/Device/CDCClassDevice.o
                                                  serial.o
HID_Device_ConfigureEndpoints                     ../LUFA-130901/LUFA/Drivers/USB/Class/Device/HIDClassDevice.o
HID_Device_ProcessControlRequest                  ../LUFA-130901/LUFA/Drivers/USB/Class/Device/HIDClassDevice.o
HID_Device_USBTask                                ../LUFA-130901/LUFA/Drivers/USB/Class/Device/HIDClassDevice.o
LanguageString                                    Descriptors.o
MIDI_Device_ConfigureEndpoints                    ../LUFA-130901/LUFA/Drivers/USB/Class/Device/MIDIClassDevice.o
MIDI_Device_Flush                                 ../LUFA-130901/LUFA/Drivers/USB/Class/Device/MIDIClassDevice.o
MIDI_Device_ReceiveEventPacket                    ../LUFA-130901/LUFA/Drivers/USB/Class/Device/MIDIClassDevice.o
MIDI_Device_SendEventPacket                       ../LUFA-130901/LUFA/Drivers/USB/Class/Device/MIDIClassDevice.o
MIDI_Device_USBTask                               ../LUFA-130901/LUFA/Drivers/USB/Class/Device/MIDIClassDevice.o
MS_Device_ConfigureEndpoints                      ../LUFA-130901/LUFA/Drivers/USB/Class/Device/MassStorageClassDevice.o
MS_Device_ProcessControlRequest                   ../LUFA-130901/LUFA/Drivers/USB/Class/Device/MassStorageClassDevice.o
MS_Device_USBTask                                 ../LUFA-130901/LUFA/Drivers/USB/Class/Device/MassStorageClassDevice.o
ManufacturerString                                Descriptors.o
Menu_Task                                         VirtualSerial.o
PRNT_Device_BytesReceived                         ../LUFA-130901/LUFA/Drivers/USB/Class/Device/PrinterClassDevice.o
PRNT_Device_ConfigureEndpoints                    ../LUFA-130901/LUFA/Drivers/USB/Class/Device/PrinterClassDevice.o
PRNT_Device_CreateBlockingStream                  ../LUFA-130901/LUFA/Drivers/USB/Class/Device/PrinterClassDevice.o
PRNT_Device_CreateStream                          ../LUFA-130901/LUFA/Drivers/USB/Class/Device/PrinterClassDevice.o
PRNT_Device_Event_Stub                            ../LUFA-130901/LUFA/Drivers/USB/Class/Device/PrinterClassDevice.o
PRNT_Device_Flush                                 ../LUFA-130901/LUFA/Drivers/USB/Class/Device/PrinterClassDevice.o
PRNT_Device_ProcessControlRequest                 ../LUFA-130901/LUFA/Drivers/USB/Class/Device/PrinterClassDevice.o
PRNT_Device_ReceiveByte                           ../LUFA-130901/LUFA/Drivers/USB/Class/Device/PrinterClassDevice.o
PRNT_Device_SendByte                              ../LUFA-130901/LUFA/Drivers/USB/Class/Device/PrinterClassDevice.o
PRNT_Device_SendData                              ../LUFA-130901/LUFA/Drivers/USB/Class/Device/PrinterClassDevice.o
PRNT_Device_SendString                            ../LUFA-130901/LUFA/Drivers/USB/Class/Device/PrinterClassDevice.o
PRNT_Device_USBTask                               ../LUFA-130901/LUFA/Drivers/USB/Class/Device/PrinterClassDevice.o
ProductString                                     Descriptors.o
RNDIS_Device_ConfigureEndpoints                   ../LUFA-130901/LUFA/Drivers/USB/Class/Device/RNDISClassDevice.o
RNDIS_Device_IsPacketReceived                     ../LUFA-130901/LUFA/Drivers/USB/Class/Device/RNDISClassDevice.o
RNDIS_Device_ProcessControlRequest                ../LUFA-130901/LUFA/Drivers/USB/Class/Device/RNDISClassDevice.o
RNDIS_Device_ReadPacket                           ../LUFA-130901/LUFA/Drivers/USB/Class/Device/RNDISClassDevice.o
RNDIS_Device_SendPacket                           ../LUFA-130901/LUFA/Drivers/USB/Class/Device/RNDISClassDevice.o
RNDIS_Device_USBTask                              ../LUFA-130901/LUFA/Drivers/USB/Class/Device/RNDISClassDevice.o
SerialPutChar                                     serial.o
SerialPutFloat                                    serial.o
SerialPutHexByte                                  serial.o
SerialPutInt                                      serial.o
SerialPutLongInt                                  serial.o
SerialPutString                                   serial.o
                                                  VirtualSerial.o
SerialReadLine                                    serial.o
                                                  VirtualSerial.o
SetupHardware                                     VirtualSerial.o
USB_ControlRequest                                ../LUFA-130901/LUFA/Drivers/USB/Class/Device/RNDISClassDevice.o
                                                  ../LUFA-130901/LUFA/Drivers/USB/Class/Device/PrinterClassDevice.o
                                                  ../LUFA-130901/LUFA/Drivers/USB/Class/Device/MassStorageClassDevice.o
                                                  ../LUFA-130901/LUFA/Drivers/USB/Class/Device/HIDClassDevice.o
                                                  ../LUFA-130901/LUFA/Drivers/USB/Class/Device/CDCClassDevice.o
                                                  ../LUFA-130901/LUFA/Drivers/USB/Class/Device/AudioClassDevice.o
                                                  ../LUFA-130901/LUFA/Drivers/USB/Core/USBTask.o
                                                  ../LUFA-130901/LUFA/Drivers/USB/Core/DeviceStandardReq.o
                                                  ../LUFA-130901/LUFA/Drivers/USB/Core/AVR8/Endpoint_AVR8.o
                                                  ../LUFA-130901/LUFA/Drivers/USB/Core/AVR8/EndpointStream_AVR8.o
USB_DeviceState                                   ../LUFA-130901/LUFA/Drivers/USB/Class/Device/RNDISClassDevice.o
                                                  ../LUFA-130901/LUFA/Drivers/USB/Class/Device/PrinterClassDevice.o
                                                  ../LUFA-130901/LUFA/Drivers/USB/Class/Device/MIDIClassDevice.o
                                                  ../LUFA-130901/LUFA/Drivers/USB/Class/Device/MassStorageClassDevice.o
                                                  ../LUFA-130901/LUFA/Drivers/USB/Class/Device/HIDClassDevice.o
                                                  ../LUFA-130901/LUFA/Drivers/USB/Class/Device/CDCClassDevice.o
                                                  ../LUFA-130901/LUFA/Drivers/USB/Core/USBTask.o
                                                  ../LUFA-130901/LUFA/Drivers/USB/Core/DeviceStandardReq.o
                                                  ../LUFA-130901/LUFA/Drivers/USB/Core/AVR8/USBInterrupt_AVR8.o
                                                  ../LUFA-130901/LUFA/Drivers/USB/Core/AVR8/USBController_AVR8.o
                                                  ../LUFA-130901/LUFA/Drivers/USB/Core/AVR8/Endpoint_AVR8.o
                                                  ../LUFA-130901/LUFA/Drivers/USB/Core/AVR8/EndpointStream_AVR8.o
                                                  serial.o
USB_Device_ConfigurationNumber                    ../LUFA-130901/LUFA/Drivers/USB/Core/DeviceStandardReq.o
                                                  ../LUFA-130901/LUFA/Drivers/USB/Core/AVR8/USBInterrupt_AVR8.o
                                                  ../LUFA-130901/LUFA/Drivers/USB/Core/AVR8/USBController_AVR8.o
USB_Device_CurrentlySelfPowered                   ../LUFA-130901/LUFA/Drivers/USB/Core/DeviceStandardReq.o
                                                  ../LUFA-130901/LUFA/Drivers/USB/Core/AVR8/USBController_AVR8.o
USB_Device_ProcessControlRequest                  ../LUFA-130901/LUFA/Drivers/USB/Core/DeviceStandardReq.o
                                                  ../LUFA-130901/LUFA/Drivers/USB/Core/USBTask.o
                                                  ../LUFA-130901/LUFA/Drivers/USB/Core/AVR8/USBInterrupt_AVR8.o
USB_Device_RemoteWakeupEnabled                    ../LUFA-130901/LUFA/Drivers/USB/Core/DeviceStandardReq.o
                                                  ../LUFA-130901/LUFA/Drivers/USB/Core/AVR8/USBController_AVR8.o
USB_Device_SendRemoteWakeup                       ../LUFA-130901/LUFA/Drivers/USB/Core/AVR8/Device_AVR8.o
USB_Disable                                       ../LUFA-130901/LUFA/Drivers/USB/Core/AVR8/USBController_AVR8.o
                                                  VirtualSerial.o
USB_Event_Stub                                    ../LUFA-130901/LUFA/Drivers/USB/Core/Events.o
USB_GetHIDReportItemInfo                          ../LUFA-130901/LUFA/Drivers/USB/Class/Common/HIDParser.o
USB_GetHIDReportSize                              ../LUFA-130901/LUFA/Drivers/USB/Class/Common/HIDParser.o
USB_GetNextDescriptorComp                         ../LUFA-130901/LUFA/Drivers/USB/Core/ConfigDescriptors.o
USB_GetNextDescriptorOfType                       ../LUFA-130901/LUFA/Drivers/USB/Core/ConfigDescriptors.o
USB_GetNextDescriptorOfTypeAfter                  ../LUFA-130901/LUFA/Drivers/USB/Core/ConfigDescriptors.o
USB_GetNextDescriptorOfTypeBefore                 ../LUFA-130901/LUFA/Drivers/USB/Core/ConfigDescriptors.o
USB_INT_ClearAllInterrupts                        ../LUFA-130901/LUFA/Drivers/USB/Core/AVR8/USBInterrupt_AVR8.o
                                                  ../LUFA-130901/LUFA/Drivers/USB/Core/AVR8/USBController_AVR8.o
USB_INT_DisableAllInterrupts                      ../LUFA-130901/LUFA/Drivers/USB/Core/AVR8/USBInterrupt_AVR8.o
                                                  ../LUFA-130901/LUFA/Drivers/USB/Core/AVR8/USBController_AVR8.o
USB_Init                                          ../LUFA-130901/LUFA/Drivers/USB/Core/AVR8/USBController_AVR8.o
                                                  VirtualSerial.o
USB_IsInitialized                                 ../LUFA-130901/LUFA/Drivers/USB/Core/USBTask.o
                                                  ../LUFA-130901/LUFA/Drivers/USB/Core/AVR8/USBController_AVR8.o
USB_ProcessHIDReport                              ../LUFA-130901/LUFA/Drivers/USB/Class/Common/HIDParser.o
USB_ResetInterface                                ../LUFA-130901/LUFA/Drivers/USB/Core/AVR8/USBController_AVR8.o
USB_SetHIDReportItemInfo                          ../LUFA-130901/LUFA/Drivers/USB/Class/Common/HIDParser.o
USB_USBTask                                       ../LUFA-130901/LUFA/Drivers/USB/Core/USBTask.o
                                                  ../LUFA-130901/LUFA/Drivers/USB/Class/Device/PrinterClassDevice.o
                                                  ../LUFA-130901/LUFA/Drivers/USB/Class/Device/CDCClassDevice.o
                                                  serial.o
                                                  VirtualSerial.o
VirtualSerial_CDC_Interface                       VirtualSerial.o
__bad_interrupt                                   /usr/lib/gcc/avr/4.8.2/../../../../avr/lib/avr35/crtm32u2.o
__bss_end                                         /usr/lib/gcc/avr/4.8.2/avr35/libgcc.a(_clear_bss.o)
__bss_start                                       /usr/lib/gcc/avr/4.8.2/avr35/libgcc.a(_clear_bss.o)
__data_end                                        /usr/lib/gcc/avr/4.8.2/avr35/libgcc.a(_copy_data.o)
__data_load_start                                 /usr/lib/gcc/avr/4.8.2/avr35/libgcc.a(_copy_data.o)
__data_start                                      /usr/lib/gcc/avr/4.8.2/avr35/libgcc.a(_copy_data.o)
__do_clear_bss                                    /usr/lib/gcc/avr/4.8.2/avr35/libgcc.a(_clear_bss.o)
                                                  ../LUFA-130901/LUFA/Drivers/USB/Core/USBTask.o
                                                  ../LUFA-130901/LUFA/Drivers/USB/Core/DeviceStandardReq.o
                                                  VirtualSerial.o
__do_copy_data                                    /usr/lib/gcc/avr/4.8.2/avr35/libgcc.a(_copy_data.o)
                                                  ../LUFA-130901/LUFA/Drivers/USB/Class/Device/RNDISClassDevice.o
                                                  ../LUFA-130901/LUFA/Drivers/USB/Class/Device/CDCClassDevice.o
                                                  serial.o
                                                  VirtualSerial.o
__eerd_byte_m32u2                                 /usr/lib/gcc/avr/4.8.2/../../../../avr/lib/avr35/libc.a(eerd_byte_atmega32u2.o)
                                                  ../LUFA-130901/LUFA/Drivers/USB/Core/AVR8/EndpointStream_AVR8.o
__eeupd_byte_m32u2                                /usr/lib/gcc/avr/4.8.2/../../../../avr/lib/avr35/libc.a(eeupd_byte_atmega32u2.o)
                                                  ../LUFA-130901/LUFA/Drivers/USB/Core/AVR8/EndpointStream_AVR8.o
__eeupd_r18_m32u2                                 /usr/lib/gcc/avr/4.8.2/../../../../avr/lib/avr35/libc.a(eeupd_byte_atmega32u2.o)
__ftoa_engine                                     /usr/lib/gcc/avr/4.8.2/../../../../avr/lib/avr35/libc.a(ftoa_engine.o)
                                                  /usr/lib/gcc/avr/4.8.2/../../../../avr/lib/avr35/libc.a(dtoa_prf.o)
__heap_end                                        /usr/lib/gcc/avr/4.8.2/../../../../avr/lib/avr35/crtm32u2.o
__init                                            /usr/lib/gcc/avr/4.8.2/../../../../avr/lib/avr35/crtm32u2.o
__mulhi3                                          /usr/lib/gcc/avr/4.8.2/avr35/libgcc.a(_mulhi3.o)
                                                  ../LUFA-130901/LUFA/Drivers/USB/Class/Common/HIDParser.o
__stack                                           /usr/lib/gcc/avr/4.8.2/../../../../avr/lib/avr35/crtm32u2.o
__tablejump2__                                    /usr/lib/gcc/avr/4.8.2/avr35/libgcc.a(_tablejump.o)
                                                  ../LUFA-130901/LUFA/Drivers/USB/Core/DeviceStandardReq.o
__tablejump__                                     /usr/lib/gcc/avr/4.8.2/avr35/libgcc.a(_tablejump.o)
__udivmodhi4                                      /usr/lib/gcc/avr/4.8.2/avr35/libgcc.a(_udivmodhi4.o)
                                                  /usr/lib/gcc/avr/4.8.2/../../../../avr/lib/avr35/libc.a(itoa.o)
__udivmodsi4                                      /usr/lib/gcc/avr/4.8.2/avr35/libgcc.a(_udivmodsi4.o)
                                                  /usr/lib/gcc/avr/4.8.2/../../../../avr/lib/avr35/libc.a(ltoa.o)
__vector_1                                        /usr/lib/gcc/avr/4.8.2/../../../../avr/lib/avr35/crtm32u2.o
__vector_10                                       /usr/lib/gcc/avr/4.8.2/../../../../avr/lib/avr35/crtm32u2.o
__vector_11                                       ../LUFA-130901/LUFA/Drivers/USB/Core/AVR8/USBInterrupt_AVR8.o
                                                  /usr/lib/gcc/avr/4.8.2/../../../../avr/lib/avr35/crtm32u2.o
__vector_12                                       ../LUFA-130901/LUFA/Drivers/USB/Core/AVR8/USBInterrupt_AVR8.o
                                                  /usr/lib/gcc/avr/4.8.2/../../../../avr/lib/avr35/crtm32u2.o
__vector_13                                       /usr/lib/gcc/avr/4.8.2/../../../../avr/lib/avr35/crtm32u2.o
__vector_14                                       /usr/lib/gcc/avr/4.8.2/../../../../avr/lib/avr35/crtm32u2.o
__vector_15                                       /usr/lib/gcc/avr/4.8.2/../../../../avr/lib/avr35/crtm32u2.o
__vector_16                                       /usr/lib/gcc/avr/4.8.2/../../../../avr/lib/avr35/crtm32u2.o
__vector_17                                       /usr/lib/gcc/avr/4.8.2/../../../../avr/lib/avr35/crtm32u2.o
__vector_18                                       /usr/lib/gcc/avr/4.8.2/../../../../avr/lib/avr35/crtm32u2.o
__vector_19                                       /usr/lib/gcc/avr/4.8.2/../../../../avr/lib/avr35/crtm32u2.o
__vector_2                                        /usr/lib/gcc/avr/4.8.2/../../../../avr/lib/avr35/crtm32u2.o
__vector_20                                       /usr/lib/gcc/avr/4.8.2/../../../../avr/lib/avr35/crtm32u2.o
__vector_21                                       /usr/lib/gcc/avr/4.8.2/../../../../avr/lib/avr35/crtm32u2.o
__vector_22                                       /usr/lib/gcc/avr/4.8.2/../../../../avr/lib/avr35/crtm32u2.o
__vector_23                                       /usr/lib/gcc/avr/4.8.2/../../../../avr/lib/avr35/crtm32u2.o
__vector_24                                       /usr/lib/gcc/avr/4.8.2/../../../../avr/lib/avr35/crtm32u2.o
__vector_25                                       /usr/lib/gcc/avr/4.8.2/../../../../avr/lib/avr35/crtm32u2.o
__vector_26                                       /usr/lib/gcc/avr/4.8.2/../../../../avr/lib/avr35/crtm32u2.o
__vector_27                                       /usr/lib/gcc/avr/4.8.2/../../../../avr/lib/avr35/crtm32u2.o
__vector_28                                       /usr/lib/gcc/avr/4.8.2/../../../../avr/lib/avr35/crtm32u2.o
__vector_3                                        /usr/lib/gcc/avr/4.8.2/../../../../avr/lib/avr35/crtm32u2.o
__vector_4                                        /usr/lib/gcc/avr/4.8.2/../../../../avr/lib/avr35/crtm32u2.o
__vector_5                                        /usr/lib/gcc/avr/4.8.2/../../../../avr/lib/avr35/crtm32u2.o
__vector_6                                        /usr/lib/gcc/avr/4.8.2/../../../../avr/lib/avr35/crtm32u2.o
__vector_7                                        /usr/lib/gcc/avr/4.8.2/../../../../avr/lib/avr35/crtm32u2.o
__vector_8                                        /usr/lib/gcc/avr/4.8.2/../../../../avr/lib/avr35/crtm32u2.o
__vector_9                                        /usr/lib/gcc/avr/4.8.2/../../../../avr/lib/avr35/crtm32u2.o
__vector_default                                  /usr/lib/gcc/avr/4.8.2/../../../../avr/lib/avr35/crtm32u2.o
__vectors                                         /usr/lib/gcc/avr/4.8.2/../../../../avr/lib/avr35/crtm32u2.o
_exit                                             /usr/lib/gcc/avr/4.8.2/avr35/libgcc.a(_exit.o)
dtoa_prf                                          /usr/lib/gcc/avr/4.8.2/../../../../avr/lib/avr35/libc.a(dtoa_prf.o)
                                                  /usr/lib/gcc/avr/4.8.2/../../../../avr/lib/avr35/libc.a(dtostrf.o)
dtostrf                                           /usr/lib/gcc/avr/4.8.2/../../../../avr/lib/avr35/libc.a(dtostrf.o)
                                                  serial.o
exit                                              /usr/lib/gcc/avr/4.8.2/avr35/libgcc.a(_exit.o)
                                                  /usr/lib/gcc/avr/4.8.2/../../../../avr/lib/avr35/crtm32u2.o
itoa                                              /usr/lib/gcc/avr/4.8.2/../../../../avr/lib/avr35/libc.a(itoa.o)
                                                  serial.o
ltoa                                              /usr/lib/gcc/avr/4.8.2/../../../../avr/lib/avr35/libc.a(ltoa.o)
                                                  serial.o
main                                              VirtualSerial.o
                                                  /usr/lib/gcc/avr/4.8.2/../../../../avr/lib/avr35/crtm32u2.o
memcmp                                            /usr/lib/gcc/avr/4.8.2/../../../../avr/lib/avr35/libc.a(memcmp.o)
                                                  ../LUFA-130901/LUFA/Drivers/USB/Class/Device/HIDClassDevice.o
memcpy                                            /usr/lib/gcc/avr/4.8.2/../../../../avr/lib/avr35/libc.a(memcpy.o)
                                                  ../LUFA-130901/LUFA/Drivers/USB/Class/Device/RNDISClassDevice.o
                                                  ../LUFA-130901/LUFA/Drivers/USB/Class/Device/HIDClassDevice.o
memcpy_P                                          /usr/lib/gcc/avr/4.8.2/../../../../avr/lib/avr35/libc.a(memcpy_P.o)
                                                  ../LUFA-130901/LUFA/Drivers/USB/Class/Device/RNDISClassDevice.o
memset                                            /usr/lib/gcc/avr/4.8.2/../../../../avr/lib/avr35/libc.a(memset.o)
                                                  ../LUFA-130901/LUFA/Drivers/USB/Class/Device/HIDClassDevice.o
strrev                                            /usr/lib/gcc/avr/4.8.2/../../../../avr/lib/avr35/libc.a(strrev.o)
                                                  /usr/lib/gcc/avr/4.8.2/../../../../avr/lib/avr35/libc.a(ltoa.o)
                                                  /usr/lib/gcc/avr/4.8.2/../../../../avr/lib/avr35/libc.a(itoa.o)
